Archive member included to satisfy reference by file (symbol)

C:/ST/STM32CubeIDE_1.17.0/STM32CubeIDE/plugins/com.st.stm32cube.ide.mcu.externaltools.gnu-tools-for-stm32.12.3.rel1.win32_1.1.0.202410251130/tools/bin/../lib/gcc/arm-none-eabi/12.3.1/../../../../arm-none-eabi/lib/thumb/v7e-m+fp/hard\libc_nano.a(libc_a-exit.o)
                              C:/ST/STM32CubeIDE_1.17.0/STM32CubeIDE/plugins/com.st.stm32cube.ide.mcu.externaltools.gnu-tools-for-stm32.12.3.rel1.win32_1.1.0.202410251130/tools/bin/../lib/gcc/arm-none-eabi/12.3.1/../../../../arm-none-eabi/lib/thumb/v7e-m+fp/hard/crt0.o (exit)
C:/ST/STM32CubeIDE_1.17.0/STM32CubeIDE/plugins/com.st.stm32cube.ide.mcu.externaltools.gnu-tools-for-stm32.12.3.rel1.win32_1.1.0.202410251130/tools/bin/../lib/gcc/arm-none-eabi/12.3.1/../../../../arm-none-eabi/lib/thumb/v7e-m+fp/hard\libc_nano.a(libc_a-malloc.o)
                              ./Middlewares/ST/STM32_USB_Host_Library/Class/CDC/Src/usbh_cdc.o (malloc)
C:/ST/STM32CubeIDE_1.17.0/STM32CubeIDE/plugins/com.st.stm32cube.ide.mcu.externaltools.gnu-tools-for-stm32.12.3.rel1.win32_1.1.0.202410251130/tools/bin/../lib/gcc/arm-none-eabi/12.3.1/../../../../arm-none-eabi/lib/thumb/v7e-m+fp/hard\libc_nano.a(libc_a-mallocr.o)
                              C:/ST/STM32CubeIDE_1.17.0/STM32CubeIDE/plugins/com.st.stm32cube.ide.mcu.externaltools.gnu-tools-for-stm32.12.3.rel1.win32_1.1.0.202410251130/tools/bin/../lib/gcc/arm-none-eabi/12.3.1/../../../../arm-none-eabi/lib/thumb/v7e-m+fp/hard\libc_nano.a(libc_a-malloc.o) (_malloc_r)
C:/ST/STM32CubeIDE_1.17.0/STM32CubeIDE/plugins/com.st.stm32cube.ide.mcu.externaltools.gnu-tools-for-stm32.12.3.rel1.win32_1.1.0.202410251130/tools/bin/../lib/gcc/arm-none-eabi/12.3.1/../../../../arm-none-eabi/lib/thumb/v7e-m+fp/hard\libc_nano.a(libc_a-mlock.o)
                              C:/ST/STM32CubeIDE_1.17.0/STM32CubeIDE/plugins/com.st.stm32cube.ide.mcu.externaltools.gnu-tools-for-stm32.12.3.rel1.win32_1.1.0.202410251130/tools/bin/../lib/gcc/arm-none-eabi/12.3.1/../../../../arm-none-eabi/lib/thumb/v7e-m+fp/hard\libc_nano.a(libc_a-mallocr.o) (__malloc_lock)
C:/ST/STM32CubeIDE_1.17.0/STM32CubeIDE/plugins/com.st.stm32cube.ide.mcu.externaltools.gnu-tools-for-stm32.12.3.rel1.win32_1.1.0.202410251130/tools/bin/../lib/gcc/arm-none-eabi/12.3.1/../../../../arm-none-eabi/lib/thumb/v7e-m+fp/hard\libc_nano.a(libc_a-findfp.o)
                              C:/ST/STM32CubeIDE_1.17.0/STM32CubeIDE/plugins/com.st.stm32cube.ide.mcu.externaltools.gnu-tools-for-stm32.12.3.rel1.win32_1.1.0.202410251130/tools/bin/../lib/gcc/arm-none-eabi/12.3.1/../../../../arm-none-eabi/lib/thumb/v7e-m+fp/hard\libc_nano.a(libc_a-exit.o) (__stdio_exit_handler)
C:/ST/STM32CubeIDE_1.17.0/STM32CubeIDE/plugins/com.st.stm32cube.ide.mcu.externaltools.gnu-tools-for-stm32.12.3.rel1.win32_1.1.0.202410251130/tools/bin/../lib/gcc/arm-none-eabi/12.3.1/../../../../arm-none-eabi/lib/thumb/v7e-m+fp/hard\libc_nano.a(libc_a-fwalk.o)
                              C:/ST/STM32CubeIDE_1.17.0/STM32CubeIDE/plugins/com.st.stm32cube.ide.mcu.externaltools.gnu-tools-for-stm32.12.3.rel1.win32_1.1.0.202410251130/tools/bin/../lib/gcc/arm-none-eabi/12.3.1/../../../../arm-none-eabi/lib/thumb/v7e-m+fp/hard\libc_nano.a(libc_a-findfp.o) (_fwalk_sglue)
C:/ST/STM32CubeIDE_1.17.0/STM32CubeIDE/plugins/com.st.stm32cube.ide.mcu.externaltools.gnu-tools-for-stm32.12.3.rel1.win32_1.1.0.202410251130/tools/bin/../lib/gcc/arm-none-eabi/12.3.1/../../../../arm-none-eabi/lib/thumb/v7e-m+fp/hard\libc_nano.a(libc_a-sprintf.o)
                              ./FreeRTOS/tasks.o (sprintf)
C:/ST/STM32CubeIDE_1.17.0/STM32CubeIDE/plugins/com.st.stm32cube.ide.mcu.externaltools.gnu-tools-for-stm32.12.3.rel1.win32_1.1.0.202410251130/tools/bin/../lib/gcc/arm-none-eabi/12.3.1/../../../../arm-none-eabi/lib/thumb/v7e-m+fp/hard\libc_nano.a(libc_a-stdio.o)
                              C:/ST/STM32CubeIDE_1.17.0/STM32CubeIDE/plugins/com.st.stm32cube.ide.mcu.externaltools.gnu-tools-for-stm32.12.3.rel1.win32_1.1.0.202410251130/tools/bin/../lib/gcc/arm-none-eabi/12.3.1/../../../../arm-none-eabi/lib/thumb/v7e-m+fp/hard\libc_nano.a(libc_a-findfp.o) (__sread)
C:/ST/STM32CubeIDE_1.17.0/STM32CubeIDE/plugins/com.st.stm32cube.ide.mcu.externaltools.gnu-tools-for-stm32.12.3.rel1.win32_1.1.0.202410251130/tools/bin/../lib/gcc/arm-none-eabi/12.3.1/../../../../arm-none-eabi/lib/thumb/v7e-m+fp/hard\libc_nano.a(libc_a-memset.o)
                              C:/ST/STM32CubeIDE_1.17.0/STM32CubeIDE/plugins/com.st.stm32cube.ide.mcu.externaltools.gnu-tools-for-stm32.12.3.rel1.win32_1.1.0.202410251130/tools/bin/../lib/gcc/arm-none-eabi/12.3.1/../../../../arm-none-eabi/lib/thumb/v7e-m+fp/hard/crt0.o (memset)
C:/ST/STM32CubeIDE_1.17.0/STM32CubeIDE/plugins/com.st.stm32cube.ide.mcu.externaltools.gnu-tools-for-stm32.12.3.rel1.win32_1.1.0.202410251130/tools/bin/../lib/gcc/arm-none-eabi/12.3.1/../../../../arm-none-eabi/lib/thumb/v7e-m+fp/hard\libc_nano.a(libc_a-strcat.o)
                              ./FreeRTOS/tasks.o (strcat)
[...]
Memory Configuration

Name             Origin             Length             Attributes
CCMRAM           0x10000000         0x00010000         xrw
RAM              0x20000000         0x00020000         xrw
FLASH            0x08000000         0x00100000         xr
*default*        0x00000000         0xffffffff

Linker script and memory map

LOAD C:/ST/STM32CubeIDE_1.17.0/STM32CubeIDE/plugins/com.st.stm32cube.ide.mcu.externaltools.gnu-tools-for-stm32.12.3.rel1.win32_1.1.0.202410251130/tools/bin/../lib/gcc/arm-none-eabi/12.3.1/thumb/v7e-m+fp/hard/crti.o
LOAD C:/ST/STM32CubeIDE_1.17.0/STM32CubeIDE/plugins/com.st.stm32cube.ide.mcu.externaltools.gnu-tools-for-stm32.12.3.rel1.win32_1.1.0.202410251130/tools/bin/../lib/gcc/arm-none-eabi/12.3.1/thumb/v7e-m+fp/hard/crtbegin.o
LOAD C:/ST/STM32CubeIDE_1.17.0/STM32CubeIDE/plugins/com.st.stm32cube.ide.mcu.externaltools.gnu-tools-for-stm32.12.3.rel1.win32_1.1.0.202410251130/tools/bin/../lib/gcc/arm-none-eabi/12.3.1/../../../../arm-none-eabi/lib/thumb/v7e-m+fp/hard/crt0.o
LOAD ./Core/Src/main.o
LOAD ./Core/Src/stm32f4xx_hal_msp.o
LOAD ./Core/Src/stm32f4xx_hal_timebase_tim.o
LOAD ./Core/Src/stm32f4xx_it.o
LOAD ./Core/Src/syscalls.o
LOAD ./Core/Src/sysmem.o
LOAD ./Core/Src/system_stm32f4xx.o
LOAD ./Core/Startup/startup_stm32f407vgtx.o
LOAD ./Drivers/STM32F4xx_HAL_Driver/Src/stm32f4xx_hal.o
LOAD ./Drivers/STM32F4xx_HAL_Driver/Src/stm32f4xx_hal_cortex.o
LOAD ./Drivers/STM32F4xx_HAL_Driver/Src/stm32f4xx_hal_dma.o
LOAD ./Drivers/STM32F4xx_HAL_Driver/Src/stm32f4xx_hal_dma_ex.o
LOAD ./Drivers/STM32F4xx_HAL_Driver/Src/stm32f4xx_hal_exti.o
LOAD ./Drivers/STM32F4xx_HAL_Driver/Src/stm32f4xx_hal_flash.o
LOAD ./Drivers/STM32F4xx_HAL_Driver/Src/stm32f4xx_hal_flash_ex.o
LOAD ./Drivers/STM32F4xx_HAL_Driver/Src/stm32f4xx_hal_flash_ramfunc.o
LOAD ./Drivers/STM32F4xx_HAL_Driver/Src/stm32f4xx_hal_gpio.o
LOAD ./Drivers/STM32F4xx_HAL_Driver/Src/stm32f4xx_hal_hcd.o
LOAD ./Drivers/STM32F4xx_HAL_Driver/Src/stm32f4xx_hal_i2c.o
LOAD ./Drivers/STM32F4xx_HAL_Driver/Src/stm32f4xx_hal_i2c_ex.o
LOAD ./Drivers/STM32F4xx_HAL_Driver/Src/stm32f4xx_hal_i2s.o
LOAD ./Drivers/STM32F4xx_HAL_Driver/Src/stm32f4xx_hal_i2s_ex.o
LOAD ./Drivers/STM32F4xx_HAL_Driver/Src/stm32f4xx_hal_pwr.o
LOAD ./Drivers/STM32F4xx_HAL_Driver/Src/stm32f4xx_hal_pwr_ex.o
LOAD ./Drivers/STM32F4xx_HAL_Driver/Src/stm32f4xx_hal_rcc.o
LOAD ./Drivers/STM32F4xx_HAL_Driver/Src/stm32f4xx_hal_rcc_ex.o
LOAD ./Drivers/STM32F4xx_HAL_Driver/Src/stm32f4xx_hal_spi.o
LOAD ./Drivers/STM32F4xx_HAL_Driver/Src/stm32f4xx_hal_tim.o
LOAD ./Drivers/STM32F4xx_HAL_Driver/Src/stm32f4xx_hal_tim_ex.o
LOAD ./Drivers/STM32F4xx_HAL_Driver/Src/stm32f4xx_hal_uart.o
LOAD ./Drivers/STM32F4xx_HAL_Driver/Src/stm32f4xx_ll_usb.o
LOAD ./FreeRTOS/croutine.o
LOAD ./FreeRTOS/event_groups.o
LOAD ./FreeRTOS/list.o
LOAD ./FreeRTOS/queue.o
LOAD ./FreeRTOS/stream_buffer.o
LOAD ./FreeRTOS/tasks.o
LOAD ./FreeRTOS/timers.o
LOAD ./FreeRTOS/portable/ARM_CM4F/port.o
LOAD ./FreeRTOS/portable/MemMang/heap_4.o
LOAD ./Middlewares/ST/STM32_USB_Host_Library/Class/CDC/Src/usbh_cdc.o
LOAD ./Middlewares/ST/STM32_USB_Host_Library/Core/Src/usbh_core.o
LOAD ./Middlewares/ST/STM32_USB_Host_Library/Core/Src/usbh_ctlreq.o
LOAD ./Middlewares/ST/STM32_USB_Host_Library/Core/Src/usbh_ioreq.o
LOAD ./Middlewares/ST/STM32_USB_Host_Library/Core/Src/usbh_pipes.o
LOAD ./USB_HOST/App/usb_host.o
LOAD ./USB_HOST/Target/usbh_conf.o
LOAD ./USB_HOST/Target/usbh_platform.o
START GROUP
LOAD C:/ST/STM32CubeIDE_1.17.0/STM32CubeIDE/plugins/com.st.stm32cube.ide.mcu.externaltools.gnu-tools-for-stm32.12.3.rel1.win32_1.1.0.202410251130/tools/bin/../lib/gcc/arm-none-eabi/12.3.1/../../../../arm-none-eabi/lib/thumb/v7e-m+fp/hard\libc_nano.a
LOAD C:/ST/STM32CubeIDE_1.17.0/STM32CubeIDE/plugins/com.st.stm32cube.ide.mcu.externaltools.gnu-tools-for-stm32.12.3.rel1.win32_1.1.0.202410251130/tools/bin/../lib/gcc/arm-none-eabi/12.3.1/../../../../arm-none-eabi/lib/thumb/v7e-m+fp/hard\libm.a
END GROUP
START GROUP
LOAD C:/ST/STM32CubeIDE_1.17.0/STM32CubeIDE/plugins/com.st.stm32cube.ide.mcu.externaltools.gnu-tools-for-stm32.12.3.rel1.win32_1.1.0.202410251130/tools/bin/../lib/gcc/arm-none-eabi/12.3.1/thumb/v7e-m+fp/hard\libgcc.a
LOAD C:/ST/STM32CubeIDE_1.17.0/STM32CubeIDE/plugins/com.st.stm32cube.ide.mcu.externaltools.gnu-tools-for-stm32.12.3.rel1.win32_1.1.0.202410251130/tools/bin/../lib/gcc/arm-none-eabi/12.3.1/../../../../arm-none-eabi/lib/thumb/v7e-m+fp/hard\libc_nano.a
END GROUP
START GROUP
LOAD C:/ST/STM32CubeIDE_1.17.0/STM32CubeIDE/plugins/com.st.stm32cube.ide.mcu.externaltools.gnu-tools-for-stm32.12.3.rel1.win32_1.1.0.202410251130/tools/bin/../lib/gcc/arm-none-eabi/12.3.1/thumb/v7e-m+fp/hard\libgcc.a
LOAD C:/ST/STM32CubeIDE_1.17.0/STM32CubeIDE/plugins/com.st.stm32cube.ide.mcu.externaltools.gnu-tools-for-stm32.12.3.rel1.win32_1.1.0.202410251130/tools/bin/../lib/gcc/arm-none-eabi/12.3.1/../../../../arm-none-eabi/lib/thumb/v7e-m+fp/hard\libc_nano.a
LOAD C:/ST/STM32CubeIDE_1.17.0/STM32CubeIDE/plugins/com.st.stm32cube.ide.mcu.externaltools.gnu-tools-for-stm32.12.3.rel1.win32_1.1.0.202410251130/tools/bin/../lib/gcc/arm-none-eabi/12.3.1/../../../../arm-none-eabi/lib/thumb/v7e-m+fp/hard\libnosys.a
END GROUP
START GROUP
LOAD C:/ST/STM32CubeIDE_1.17.0/STM32CubeIDE/plugins/com.st.stm32cube.ide.mcu.externaltools.gnu-tools-for-stm32.12.3.rel1.win32_1.1.0.202410251130/tools/bin/../lib/gcc/arm-none-eabi/12.3.1/thumb/v7e-m+fp/hard\libgcc.a
LOAD C:/ST/STM32CubeIDE_1.17.0/STM32CubeIDE/plugins/com.st.stm32cube.ide.mcu.externaltools.gnu-tools-for-stm32.12.3.rel1.win32_1.1.0.202410251130/tools/bin/../lib/gcc/arm-none-eabi/12.3.1/../../../../arm-none-eabi/lib/thumb/v7e-m+fp/hard\libc_nano.a
LOAD C:/ST/STM32CubeIDE_1.17.0/STM32CubeIDE/plugins/com.st.stm32cube.ide.mcu.externaltools.gnu-tools-for-stm32.12.3.rel1.win32_1.1.0.202410251130/tools/bin/../lib/gcc/arm-none-eabi/12.3.1/../../../../arm-none-eabi/lib/thumb/v7e-m+fp/hard\libnosys.a
END GROUP
LOAD C:/ST/STM32CubeIDE_1.17.0/STM32CubeIDE/plugins/com.st.stm32cube.ide.mcu.externaltools.gnu-tools-for-stm32.12.3.rel1.win32_1.1.0.202410251130/tools/bin/../lib/gcc/arm-none-eabi/12.3.1/thumb/v7e-m+fp/hard/crtend.o
LOAD C:/ST/STM32CubeIDE_1.17.0/STM32CubeIDE/plugins/com.st.stm32cube.ide.mcu.externaltools.gnu-tools-for-stm32.12.3.rel1.win32_1.1.0.202410251130/tools/bin/../lib/gcc/arm-none-eabi/12.3.1/thumb/v7e-m+fp/hard/crtn.o
                0x20020000                        _estack = (ORIGIN (RAM) + LENGTH (RAM))
                0x00000200                        _Min_Heap_Size = 0x200
                0x00000400                        _Min_Stack_Size = 0x400

.isr_vector     0x08000000      0x188
                0x08000000                        . = ALIGN (0x4)
 *(.isr_vector)
 .isr_vector    0x08000000      0x188 ./Core/Startup/startup_stm32f407vgtx.o
                0x08000000                g_pfnVectors
                0x08000188                        . = ALIGN (0x4)

.text           0x08000190     0xd394
                0x08000190                        . = ALIGN (0x4)
 *(.text)
 .text          0x08000190       0x40 C:/ST/STM32CubeIDE_1.17.0/STM32CubeIDE/plugins/com.st.stm32cube.ide.mcu.externaltools.gnu-tools-for-stm32.12.3.rel1.win32_1.1.0.202410251130/tools/bin/../lib/gcc/arm-none-eabi/12.3.1/thumb/v7e-m+fp/hard/crtbegin.o
 .text          0x080001d0       0x10 C:/ST/STM32CubeIDE_1.17.0/STM32CubeIDE/plugins/com.st.stm32cube.ide.mcu.externaltools.gnu-tools-for-stm32.12.3.rel1.win32_1.1.0.202410251130/tools/bin/../lib/gcc/arm-none-eabi/12.3.1/../../../../arm-none-eabi/lib/thumb/v7e-m+fp/hard\libc_nano.a(libc_a-strlen.o)
                0x080001d0                strlen
 .text          0x080001e0       0xa0 C:/ST/STM32CubeIDE_1.17.0/STM32CubeIDE/plugins/com.st.stm32cube.ide.mcu.externaltools.gnu-tools-for-stm32.12.3.rel1.win32_1.1.0.202410251130/tools/bin/../lib/gcc/arm-none-eabi/12.3.1/../../../../arm-none-eabi/lib/thumb/v7e-m+fp/hard\libc_nano.a(libc_a-memchr.o)
                0x080001e0                memchr
 .text          0x08000280       0x30 C:/ST/STM32CubeIDE_1.17.0/STM32CubeIDE/plugins/com.st.stm32cube.ide.mcu.externaltools.gnu-tools-for-stm32.12.3.rel1.win32_1.1.0.202410251130/tools/bin/../lib/gcc/arm-none-eabi/12.3.1/thumb/v7e-m+fp/hard\libgcc.a(_aeabi_uldivmod.o)
                0x08000280                __aeabi_uldivmod
 .text          0x080002b0      0x2bc C:/ST/STM32CubeIDE_1.17.0/STM32CubeIDE/plugins/com.st.stm32cube.ide.mcu.externaltools.gnu-tools-for-stm32.12.3.rel1.win32_1.1.0.202410251130/tools/bin/../lib/gcc/arm-none-eabi/12.3.1/thumb/v7e-m+fp/hard\libgcc.a(_udivmoddi4.o)
                0x080002b0                __udivmoddi4
 .text          0x0800056c        0x4 C:/ST/STM32CubeIDE_1.17.0/STM32CubeIDE/plugins/com.st.stm32cube.ide.mcu.externaltools.gnu-tools-for-stm32.12.3.rel1.win32_1.1.0.202410251130/tools/bin/../lib/gcc/arm-none-eabi/12.3.1/thumb/v7e-m+fp/hard\libgcc.a(_dvmd_tls.o)
                0x0800056c                __aeabi_idiv0
                0x0800056c                __aeabi_ldiv0
 *(.text*)
 .text.DWT_Init
                0x08000570       0x38 ./Core/Src/main.o
                0x08000570                DWT_Init
 .text.vGenericTestTask
                0x080005a8       0x88 ./Core/Src/main.o
                0x080005a8                vGenericTestTask
 .text.HAL_GPIO_EXTI_Callback
                0x08000630       0x70 ./Core/Src/main.o
                0x08000630                HAL_GPIO_EXTI_Callback
 .text.vSystemPrint
                0x080006a0       0x2c ./Core/Src/main.o
                0x080006a0                vSystemPrint
 .text.vMonitorTask
                0x080006cc       0x18 ./Core/Src/main.o
                0x080006cc                vMonitorTask
 .text.main     0x080006e4       0xdc ./Core/Src/main.o
                0x080006e4                main
 .text.SystemClock_Config
                0x080007c0       0xd4 ./Core/Src/main.o
                0x080007c0                SystemClock_Config
 .text.MX_I2C1_Init
                0x08000894       0x5c ./Core/Src/main.o
 .text.MX_I2S3_Init
                0x080008f0       0x60 ./Core/Src/main.o
 .text.MX_SPI1_Init
                0x08000950       0x6c ./Core/Src/main.o
 .text.MX_USART2_UART_Init
                0x080009bc       0x54 ./Core/Src/main.o
 .text.MX_GPIO_Init
                0x08000a10      0x20c ./Core/Src/main.o
 .text.vControlTask
                0x08000c1c       0x98 ./Core/Src/main.o
                0x08000c1c                vControlTask
 .text.Error_Handler
                0x08000cb4        0xc ./Core/Src/main.o
                0x08000cb4                Error_Handler
 .text.HAL_MspInit
                0x08000cc0       0x50 ./Core/Src/stm32f4xx_hal_msp.o
                0x08000cc0                HAL_MspInit
 .text.HAL_I2C_MspInit
                0x08000d10       0x90 ./Core/Src/stm32f4xx_hal_msp.o
                0x08000d10                HAL_I2C_MspInit
 .text.HAL_I2S_MspInit
                0x08000da0      0x100 ./Core/Src/stm32f4xx_hal_msp.o
                0x08000da0                HAL_I2S_MspInit
 .text.HAL_SPI_MspInit
                0x08000ea0       0x90 ./Core/Src/stm32f4xx_hal_msp.o
                0x08000ea0                HAL_SPI_MspInit
 .text.HAL_UART_MspInit
                0x08000f30       0x90 ./Core/Src/stm32f4xx_hal_msp.o
                0x08000f30                HAL_UART_MspInit
 .text.HAL_InitTick
                0x08000fc0       0xf8 ./Core/Src/stm32f4xx_hal_timebase_tim.o
                0x08000fc0                HAL_InitTick
 .text.NMI_Handler
                0x080010b8        0x8 ./Core/Src/stm32f4xx_it.o
                0x080010b8                NMI_Handler
 .text.HardFault_Handler
                0x080010c0        0x8 ./Core/Src/stm32f4xx_it.o
                0x080010c0                HardFault_Handler
 .text.MemManage_Handler
                0x080010c8        0x8 ./Core/Src/stm32f4xx_it.o
                0x080010c8                MemManage_Handler
 .text.BusFault_Handler
                0x080010d0        0x8 ./Core/Src/stm32f4xx_it.o
                0x080010d0                BusFault_Handler
 .text.UsageFault_Handler
                0x080010d8        0x8 ./Core/Src/stm32f4xx_it.o
                0x080010d8                UsageFault_Handler
 .text.DebugMon_Handler
                0x080010e0        0xe ./Core/Src/stm32f4xx_it.o
                0x080010e0                DebugMon_Handler
 .text.EXTI0_IRQHandler
                0x080010ee        0xe ./Core/Src/stm32f4xx_it.o
                0x080010ee                EXTI0_IRQHandler
 .text.OTG_FS_IRQHandler
                0x080010fc       0x14 ./Core/Src/stm32f4xx_it.o
                0x080010fc                OTG_FS_IRQHandler
 .text._sbrk    0x08001110       0x6c ./Core/Src/sysmem.o
                0x08001110                _sbrk
 .text.SystemInit
                0x0800117c       0x24 ./Core/Src/system_stm32f4xx.o
                0x0800117c                SystemInit
 .text.Reset_Handler
                0x080011a0       0x50 ./Core/Startup/startup_stm32f407vgtx.o
                0x080011a0                Reset_Handler
 .text.Default_Handler
                0x080011f0        0x2 ./Core/Startup/startup_stm32f407vgtx.o
                0x080011f0                RTC_Alarm_IRQHandler
                0x080011f0                HASH_RNG_IRQHandler
                0x080011f0                EXTI2_IRQHandler
                0x080011f0                TIM8_CC_IRQHandler
                0x080011f0                TIM1_CC_IRQHandler
                0x080011f0                DMA2_Stream5_IRQHandler
                0x080011f0                DMA1_Stream5_IRQHandler
                0x080011f0                PVD_IRQHandler
                0x080011f0                SDIO_IRQHandler
                0x080011f0                TAMP_STAMP_IRQHandler
                0x080011f0                CAN2_RX1_IRQHandler
                0x080011f0                EXTI3_IRQHandler
                0x080011f0                TIM8_TRG_COM_TIM14_IRQHandler
                0x080011f0                TIM1_UP_TIM10_IRQHandler
                0x080011f0                TIM8_UP_TIM13_IRQHandler
                0x080011f0                I2C3_ER_IRQHandler
                0x080011f0                I2C2_EV_IRQHandler
                0x080011f0                DMA1_Stream2_IRQHandler
                0x080011f0                CAN1_RX0_IRQHandler
                0x080011f0                FPU_IRQHandler
                0x080011f0                OTG_HS_WKUP_IRQHandler
                0x080011f0                CAN2_SCE_IRQHandler
                0x080011f0                DMA2_Stream2_IRQHandler
                0x080011f0                SPI1_IRQHandler
                0x080011f0                TIM6_DAC_IRQHandler
                0x080011f0                TIM1_BRK_TIM9_IRQHandler
                0x080011f0                DCMI_IRQHandler
                0x080011f0                CAN2_RX0_IRQHandler
                0x080011f0                DMA2_Stream3_IRQHandler
                0x080011f0                USART6_IRQHandler
                0x080011f0                USART3_IRQHandler
                0x080011f0                CAN1_RX1_IRQHandler
                0x080011f0                UART5_IRQHandler
                0x080011f0                DMA2_Stream0_IRQHandler
                0x080011f0                TIM4_IRQHandler
                0x080011f0                I2C1_EV_IRQHandler
                0x080011f0                DMA1_Stream6_IRQHandler
                0x080011f0                DMA1_Stream1_IRQHandler
                0x080011f0                UART4_IRQHandler
                0x080011f0                TIM3_IRQHandler
                0x080011f0                RCC_IRQHandler
                0x080011f0                TIM8_BRK_TIM12_IRQHandler
                0x080011f0                Default_Handler
                0x080011f0                EXTI15_10_IRQHandler
                0x080011f0                ADC_IRQHandler
                0x080011f0                DMA1_Stream7_IRQHandler
                0x080011f0                TIM7_IRQHandler
                0x080011f0                CAN2_TX_IRQHandler
                0x080011f0                TIM5_IRQHandler
                0x080011f0                DMA2_Stream7_IRQHandler
                0x080011f0                I2C3_EV_IRQHandler
                0x080011f0                EXTI9_5_IRQHandler
                0x080011f0                RTC_WKUP_IRQHandler
                0x080011f0                ETH_WKUP_IRQHandler
                0x080011f0                SPI2_IRQHandler
                0x080011f0                OTG_HS_EP1_IN_IRQHandler
                0x080011f0                DMA1_Stream0_IRQHandler
                0x080011f0                CAN1_TX_IRQHandler
                0x080011f0                EXTI4_IRQHandler
                0x080011f0                FSMC_IRQHandler
                0x080011f0                ETH_IRQHandler
                0x080011f0                OTG_HS_EP1_OUT_IRQHandler
                0x080011f0                WWDG_IRQHandler
                0x080011f0                TIM2_IRQHandler
                0x080011f0                OTG_FS_WKUP_IRQHandler
                0x080011f0                TIM1_TRG_COM_TIM11_IRQHandler
                0x080011f0                OTG_HS_IRQHandler
                0x080011f0                EXTI1_IRQHandler
                0x080011f0                USART2_IRQHandler
                0x080011f0                I2C2_ER_IRQHandler
                0x080011f0                DMA2_Stream1_IRQHandler
                0x080011f0                CAN1_SCE_IRQHandler
                0x080011f0                FLASH_IRQHandler
                0x080011f0                DMA2_Stream4_IRQHandler
                0x080011f0                USART1_IRQHandler
                0x080011f0                SPI3_IRQHandler
                0x080011f0                DMA1_Stream4_IRQHandler
                0x080011f0                I2C1_ER_IRQHandler
                0x080011f0                DMA2_Stream6_IRQHandler
                0x080011f0                DMA1_Stream3_IRQHandler
 *fill*         0x080011f2        0x2 
 .text.HAL_Init
                0x080011f4       0x44 ./Drivers/STM32F4xx_HAL_Driver/Src/stm32f4xx_hal.o
                0x080011f4                HAL_Init
 .text.HAL_GetTick
                0x08001238       0x18 ./Drivers/STM32F4xx_HAL_Driver/Src/stm32f4xx_hal.o
                0x08001238                HAL_GetTick
 .text.HAL_Delay
                0x08001250       0x48 ./Drivers/STM32F4xx_HAL_Driver/Src/stm32f4xx_hal.o
                0x08001250                HAL_Delay
 .text.__NVIC_SetPriorityGrouping
                0x08001298       0x48 ./Drivers/STM32F4xx_HAL_Driver/Src/stm32f4xx_hal_cortex.o
 .text.__NVIC_GetPriorityGrouping
                0x080012e0       0x1c ./Drivers/STM32F4xx_HAL_Driver/Src/stm32f4xx_hal_cortex.o
 .text.__NVIC_EnableIRQ
                0x080012fc       0x3c ./Drivers/STM32F4xx_HAL_Driver/Src/stm32f4xx_hal_cortex.o
 .text.__NVIC_SetPriority
                0x08001338       0x54 ./Drivers/STM32F4xx_HAL_Driver/Src/stm32f4xx_hal_cortex.o
 .text.NVIC_EncodePriority
                0x0800138c       0x66 ./Drivers/STM32F4xx_HAL_Driver/Src/stm32f4xx_hal_cortex.o
 .text.HAL_NVIC_SetPriorityGrouping
                0x080013f2       0x16 ./Drivers/STM32F4xx_HAL_Driver/Src/stm32f4xx_hal_cortex.o
                0x080013f2                HAL_NVIC_SetPriorityGrouping
 .text.HAL_NVIC_SetPriority
                0x08001408       0x38 ./Drivers/STM32F4xx_HAL_Driver/Src/stm32f4xx_hal_cortex.o
                0x08001408                HAL_NVIC_SetPriority
 .text.HAL_NVIC_EnableIRQ
                0x08001440       0x1c ./Drivers/STM32F4xx_HAL_Driver/Src/stm32f4xx_hal_cortex.o
                0x08001440                HAL_NVIC_EnableIRQ
 .text.HAL_GPIO_Init
                0x0800145c      0x338 ./Drivers/STM32F4xx_HAL_Driver/Src/stm32f4xx_hal_gpio.o
                0x0800145c                HAL_GPIO_Init
 .text.HAL_GPIO_WritePin
                0x08001794       0x32 ./Drivers/STM32F4xx_HAL_Driver/Src/stm32f4xx_hal_gpio.o
                0x08001794                HAL_GPIO_WritePin
 *fill*         0x080017c6        0x2 
 .text.HAL_GPIO_EXTI_IRQHandler
                0x080017c8       0x30 ./Drivers/STM32F4xx_HAL_Driver/Src/stm32f4xx_hal_gpio.o
                0x080017c8                HAL_GPIO_EXTI_IRQHandler
 .text.HAL_HCD_Init
                0x080017f8       0xce ./Drivers/STM32F4xx_HAL_Driver/Src/stm32f4xx_hal_hcd.o
                0x080017f8                HAL_HCD_Init
 .text.HAL_HCD_HC_Init
                0x080018c6      0x170 ./Drivers/STM32F4xx_HAL_Driver/Src/stm32f4xx_hal_hcd.o
                0x080018c6                HAL_HCD_HC_Init
 .text.HAL_HCD_HC_Halt
                0x08001a36       0x46 ./Drivers/STM32F4xx_HAL_Driver/Src/stm32f4xx_hal_hcd.o
                0x08001a36                HAL_HCD_HC_Halt
 .text.HAL_HCD_HC_SubmitRequest
                0x08001a7c      0x33c ./Drivers/STM32F4xx_HAL_Driver/Src/stm32f4xx_hal_hcd.o
                0x08001a7c                HAL_HCD_HC_SubmitRequest
 .text.HAL_HCD_IRQHandler
                0x08001db8      0x220 ./Drivers/STM32F4xx_HAL_Driver/Src/stm32f4xx_hal_hcd.o
                0x08001db8                HAL_HCD_IRQHandler
 .text.HAL_HCD_Start
                0x08001fd8       0x46 ./Drivers/STM32F4xx_HAL_Driver/Src/stm32f4xx_hal_hcd.o
                0x08001fd8                HAL_HCD_Start
 .text.HAL_HCD_Stop
                0x0800201e       0x3a ./Drivers/STM32F4xx_HAL_Driver/Src/stm32f4xx_hal_hcd.o
                0x0800201e                HAL_HCD_Stop
 .text.HAL_HCD_ResetPort
                0x08002058       0x1c ./Drivers/STM32F4xx_HAL_Driver/Src/stm32f4xx_hal_hcd.o
                0x08002058                HAL_HCD_ResetPort
 .text.HAL_HCD_HC_GetURBState
                0x08002074       0x2a ./Drivers/STM32F4xx_HAL_Driver/Src/stm32f4xx_hal_hcd.o
                0x08002074                HAL_HCD_HC_GetURBState
 .text.HAL_HCD_HC_GetXferCount
                0x0800209e       0x2a ./Drivers/STM32F4xx_HAL_Driver/Src/stm32f4xx_hal_hcd.o
                0x0800209e                HAL_HCD_HC_GetXferCount
 .text.HAL_HCD_GetCurrentFrame
                0x080020c8       0x1c ./Drivers/STM32F4xx_HAL_Driver/Src/stm32f4xx_hal_hcd.o
                0x080020c8                HAL_HCD_GetCurrentFrame
 .text.HAL_HCD_GetCurrentSpeed
                0x080020e4       0x1c ./Drivers/STM32F4xx_HAL_Driver/Src/stm32f4xx_hal_hcd.o
                0x080020e4                HAL_HCD_GetCurrentSpeed
 .text.HAL_HCD_HC_ClearHubInfo
                0x08002100       0x6a ./Drivers/STM32F4xx_HAL_Driver/Src/stm32f4xx_hal_hcd.o
                0x08002100                HAL_HCD_HC_ClearHubInfo
 .text.HCD_HC_IN_IRQHandler
                0x0800216a      0xcd2 ./Drivers/STM32F4xx_HAL_Driver/Src/stm32f4xx_hal_hcd.o
 .text.HCD_HC_OUT_IRQHandler
                0x08002e3c      0x97e ./Drivers/STM32F4xx_HAL_Driver/Src/stm32f4xx_hal_hcd.o
 .text.HCD_RXQLVL_IRQHandler
                0x080037ba      0x1be ./Drivers/STM32F4xx_HAL_Driver/Src/stm32f4xx_hal_hcd.o
 .text.HCD_Port_IRQHandler
                0x08003978       0xe6 ./Drivers/STM32F4xx_HAL_Driver/Src/stm32f4xx_hal_hcd.o
 *fill*         0x08003a5e        0x2 
 .text.HAL_I2C_Init
                0x08003a60      0x288 ./Drivers/STM32F4xx_HAL_Driver/Src/stm32f4xx_hal_i2c.o
                0x08003a60                HAL_I2C_Init
 .text.HAL_I2S_Init
                0x08003ce8      0x280 ./Drivers/STM32F4xx_HAL_Driver/Src/stm32f4xx_hal_i2s.o
                0x08003ce8                HAL_I2S_Init
 .text.HAL_I2S_TxCpltCallback
                0x08003f68       0x14 ./Drivers/STM32F4xx_HAL_Driver/Src/stm32f4xx_hal_i2s.o
                0x08003f68                HAL_I2S_TxCpltCallback
 .text.HAL_I2S_RxCpltCallback
                0x08003f7c       0x14 ./Drivers/STM32F4xx_HAL_Driver/Src/stm32f4xx_hal_i2s.o
                0x08003f7c                HAL_I2S_RxCpltCallback
 .text.HAL_I2S_ErrorCallback
                0x08003f90       0x14 ./Drivers/STM32F4xx_HAL_Driver/Src/stm32f4xx_hal_i2s.o
                0x08003f90                HAL_I2S_ErrorCallback
 .text.I2S_Transmit_IT
                0x08003fa4       0x5c ./Drivers/STM32F4xx_HAL_Driver/Src/stm32f4xx_hal_i2s.o
 .text.I2S_Receive_IT
                0x08004000       0x5e ./Drivers/STM32F4xx_HAL_Driver/Src/stm32f4xx_hal_i2s.o
 .text.I2S_IRQHandler
                0x0800405e      0x114 ./Drivers/STM32F4xx_HAL_Driver/Src/stm32f4xx_hal_i2s.o
 *fill*         0x08004172        0x2 
 .text.HAL_I2SEx_FullDuplex_IRQHandler
                0x08004174      0x2a8 ./Drivers/STM32F4xx_HAL_Driver/Src/stm32f4xx_hal_i2s_ex.o
                0x08004174                HAL_I2SEx_FullDuplex_IRQHandler
 .text.HAL_I2SEx_TxRxCpltCallback
                0x0800441c       0x14 ./Drivers/STM32F4xx_HAL_Driver/Src/stm32f4xx_hal_i2s_ex.o
                0x0800441c                HAL_I2SEx_TxRxCpltCallback
 .text.I2SEx_TxISR_I2S
                0x08004430       0x62 ./Drivers/STM32F4xx_HAL_Driver/Src/stm32f4xx_hal_i2s_ex.o
 *fill*         0x08004492        0x2 
 .text.I2SEx_TxISR_I2SExt
                0x08004494       0x98 ./Drivers/STM32F4xx_HAL_Driver/Src/stm32f4xx_hal_i2s_ex.o
 .text.I2SEx_RxISR_I2S
                0x0800452c       0x64 ./Drivers/STM32F4xx_HAL_Driver/Src/stm32f4xx_hal_i2s_ex.o
 .text.I2SEx_RxISR_I2SExt
                0x08004590       0x98 ./Drivers/STM32F4xx_HAL_Driver/Src/stm32f4xx_hal_i2s_ex.o
 .text.HAL_RCC_OscConfig
                0x08004628      0x4f0 ./Drivers/STM32F4xx_HAL_Driver/Src/stm32f4xx_hal_rcc.o
                0x08004628                HAL_RCC_OscConfig
 .text.HAL_RCC_ClockConfig
                0x08004b18      0x1cc ./Drivers/STM32F4xx_HAL_Driver/Src/stm32f4xx_hal_rcc.o
                0x08004b18                HAL_RCC_ClockConfig
 .text.HAL_RCC_GetSysClockFreq
                0x08004ce4      0x20c ./Drivers/STM32F4xx_HAL_Driver/Src/stm32f4xx_hal_rcc.o
                0x08004ce4                HAL_RCC_GetSysClockFreq
 .text.HAL_RCC_GetHCLKFreq
                0x08004ef0       0x18 ./Drivers/STM32F4xx_HAL_Driver/Src/stm32f4xx_hal_rcc.o
                0x08004ef0                HAL_RCC_GetHCLKFreq
 .text.HAL_RCC_GetPCLK1Freq
                0x08004f08       0x28 ./Drivers/STM32F4xx_HAL_Driver/Src/stm32f4xx_hal_rcc.o
                0x08004f08                HAL_RCC_GetPCLK1Freq
 .text.HAL_RCC_GetPCLK2Freq
                0x08004f30       0x28 ./Drivers/STM32F4xx_HAL_Driver/Src/stm32f4xx_hal_rcc.o
                0x08004f30                HAL_RCC_GetPCLK2Freq
 .text.HAL_RCC_GetClockConfig
                0x08004f58       0x64 ./Drivers/STM32F4xx_HAL_Driver/Src/stm32f4xx_hal_rcc.o
                0x08004f58                HAL_RCC_GetClockConfig
 .text.HAL_RCCEx_PeriphCLKConfig
                0x08004fbc      0x1c4 ./Drivers/STM32F4xx_HAL_Driver/Src/stm32f4xx_hal_rcc_ex.o
                0x08004fbc                HAL_RCCEx_PeriphCLKConfig
 .text.HAL_RCCEx_GetPeriphCLKFreq
                0x08005180       0xc0 ./Drivers/STM32F4xx_HAL_Driver/Src/stm32f4xx_hal_rcc_ex.o
                0x08005180                HAL_RCCEx_GetPeriphCLKFreq
 .text.HAL_SPI_Init
                0x08005240      0x112 ./Drivers/STM32F4xx_HAL_Driver/Src/stm32f4xx_hal_spi.o
                0x08005240                HAL_SPI_Init
 .text.HAL_TIM_Base_Init
                0x08005352       0x9e ./Drivers/STM32F4xx_HAL_Driver/Src/stm32f4xx_hal_tim.o
                0x08005352                HAL_TIM_Base_Init
 .text.HAL_TIM_Base_MspInit
                0x080053f0       0x14 ./Drivers/STM32F4xx_HAL_Driver/Src/stm32f4xx_hal_tim.o
                0x080053f0                HAL_TIM_Base_MspInit
 .text.HAL_TIM_Base_Start_IT
                0x08005404       0xe0 ./Drivers/STM32F4xx_HAL_Driver/Src/stm32f4xx_hal_tim.o
                0x08005404                HAL_TIM_Base_Start_IT
 .text.TIM_Base_SetConfig
                0x080054e4      0x14c ./Drivers/STM32F4xx_HAL_Driver/Src/stm32f4xx_hal_tim.o
                0x080054e4                TIM_Base_SetConfig
 .text.HAL_UART_Init
                0x08005630       0xa0 ./Drivers/STM32F4xx_HAL_Driver/Src/stm32f4xx_hal_uart.o
                0x08005630                HAL_UART_Init
 .text.HAL_UART_Transmit
                0x080056d0      0x116 ./Drivers/STM32F4xx_HAL_Driver/Src/stm32f4xx_hal_uart.o
                0x080056d0                HAL_UART_Transmit
 .text.UART_WaitOnFlagUntilTimeout
                0x080057e6       0xb2 ./Drivers/STM32F4xx_HAL_Driver/Src/stm32f4xx_hal_uart.o
 .text.UART_EndRxTransfer
                0x08005898       0xc6 ./Drivers/STM32F4xx_HAL_Driver/Src/stm32f4xx_hal_uart.o
 *fill*         0x0800595e        0x2 
 .text.UART_SetConfig
                0x08005960      0x4e8 ./Drivers/STM32F4xx_HAL_Driver/Src/stm32f4xx_hal_uart.o
 .text.USB_CoreInit
                0x08005e48       0xc8 ./Drivers/STM32F4xx_HAL_Driver/Src/stm32f4xx_ll_usb.o
                0x08005e48                USB_CoreInit
 .text.USB_EnableGlobalInt
                0x08005f10       0x22 ./Drivers/STM32F4xx_HAL_Driver/Src/stm32f4xx_ll_usb.o
                0x08005f10                USB_EnableGlobalInt
 .text.USB_DisableGlobalInt
                0x08005f32       0x22 ./Drivers/STM32F4xx_HAL_Driver/Src/stm32f4xx_ll_usb.o
                0x08005f32                USB_DisableGlobalInt
 .text.USB_SetCurrentMode
                0x08005f54       0x98 ./Drivers/STM32F4xx_HAL_Driver/Src/stm32f4xx_ll_usb.o
                0x08005f54                USB_SetCurrentMode
 .text.USB_FlushTxFifo
                0x08005fec       0x64 ./Drivers/STM32F4xx_HAL_Driver/Src/stm32f4xx_ll_usb.o
                0x08005fec                USB_FlushTxFifo
 .text.USB_FlushRxFifo
                0x08006050       0x5c ./Drivers/STM32F4xx_HAL_Driver/Src/stm32f4xx_ll_usb.o
                0x08006050                USB_FlushRxFifo
 .text.USB_WritePacket
                0x080060ac       0x7c ./Drivers/STM32F4xx_HAL_Driver/Src/stm32f4xx_ll_usb.o
                0x080060ac                USB_WritePacket
 .text.USB_ReadPacket
                0x08006128       0xb0 ./Drivers/STM32F4xx_HAL_Driver/Src/stm32f4xx_ll_usb.o
                0x08006128                USB_ReadPacket
 .text.USB_ReadInterrupts
                0x080061d8       0x26 ./Drivers/STM32F4xx_HAL_Driver/Src/stm32f4xx_ll_usb.o
                0x080061d8                USB_ReadInterrupts
 .text.USB_ReadChInterrupts
                0x080061fe       0x42 ./Drivers/STM32F4xx_HAL_Driver/Src/stm32f4xx_ll_usb.o
                0x080061fe                USB_ReadChInterrupts
 .text.USB_GetMode
                0x08006240       0x1c ./Drivers/STM32F4xx_HAL_Driver/Src/stm32f4xx_ll_usb.o
                0x08006240                USB_GetMode
 .text.USB_CoreReset
                0x0800625c       0x70 ./Drivers/STM32F4xx_HAL_Driver/Src/stm32f4xx_ll_usb.o
 .text.USB_HostInit
                0x080062cc      0x188 ./Drivers/STM32F4xx_HAL_Driver/Src/stm32f4xx_ll_usb.o
                0x080062cc                USB_HostInit
 .text.USB_InitFSLSPClkSel
                0x08006454       0x7a ./Drivers/STM32F4xx_HAL_Driver/Src/stm32f4xx_ll_usb.o
                0x08006454                USB_InitFSLSPClkSel
 .text.USB_ResetPort
                0x080064ce       0x54 ./Drivers/STM32F4xx_HAL_Driver/Src/stm32f4xx_ll_usb.o
                0x080064ce                USB_ResetPort
 .text.USB_DriveVbus
                0x08006522       0x72 ./Drivers/STM32F4xx_HAL_Driver/Src/stm32f4xx_ll_usb.o
                0x08006522                USB_DriveVbus
 .text.USB_GetHostSpeed
                0x08006594       0x2e ./Drivers/STM32F4xx_HAL_Driver/Src/stm32f4xx_ll_usb.o
                0x08006594                USB_GetHostSpeed
 .text.USB_GetCurrentFrame
                0x080065c2       0x22 ./Drivers/STM32F4xx_HAL_Driver/Src/stm32f4xx_ll_usb.o
                0x080065c2                USB_GetCurrentFrame
 .text.USB_HC_Init
                0x080065e4      0x258 ./Drivers/STM32F4xx_HAL_Driver/Src/stm32f4xx_ll_usb.o
                0x080065e4                USB_HC_Init
 .text.USB_HC_StartXfer
                0x0800683c      0x4f4 ./Drivers/STM32F4xx_HAL_Driver/Src/stm32f4xx_ll_usb.o
                0x0800683c                USB_HC_StartXfer
 .text.USB_HC_ReadInterrupt
                0x08006d30       0x22 ./Drivers/STM32F4xx_HAL_Driver/Src/stm32f4xx_ll_usb.o
                0x08006d30                USB_HC_ReadInterrupt
 .text.USB_HC_Halt
                0x08006d52      0x240 ./Drivers/STM32F4xx_HAL_Driver/Src/stm32f4xx_ll_usb.o
                0x08006d52                USB_HC_Halt
 *fill*         0x08006f92        0x2 
 .text.USB_DoPing
                0x08006f94       0x78 ./Drivers/STM32F4xx_HAL_Driver/Src/stm32f4xx_ll_usb.o
                0x08006f94                USB_DoPing
 .text.USB_StopHost
                0x0800700c      0x124 ./Drivers/STM32F4xx_HAL_Driver/Src/stm32f4xx_ll_usb.o
                0x0800700c                USB_StopHost
 .text.vListInitialise
                0x08007130       0x40 ./FreeRTOS/list.o
                0x08007130                vListInitialise
 .text.vListInitialiseItem
                0x08007170       0x1a ./FreeRTOS/list.o
                0x08007170                vListInitialiseItem
 .text.vListInsertEnd
                0x0800718a       0x48 ./FreeRTOS/list.o
                0x0800718a                vListInsertEnd
 .text.vListInsert
                0x080071d2       0x72 ./FreeRTOS/list.o
                0x080071d2                vListInsert
 .text.uxListRemove
                0x08007244       0x62 ./FreeRTOS/list.o
                0x08007244                uxListRemove
 *fill*         0x080072a6        0x2 
 .text.xQueueGenericReset
                0x080072a8       0xd4 ./FreeRTOS/queue.o
                0x080072a8                xQueueGenericReset
 .text.xQueueGenericCreate
                0x0800737c       0x7a ./FreeRTOS/queue.o
                0x0800737c                xQueueGenericCreate
 .text.prvInitialiseNewQueue
                0x080073f6       0x46 ./FreeRTOS/queue.o
 .text.xQueueGenericSend
                0x0800743c      0x204 ./FreeRTOS/queue.o
                0x0800743c                xQueueGenericSend
 .text.xQueueGenericSendFromISR
                0x08007640      0x136 ./FreeRTOS/queue.o
                0x08007640                xQueueGenericSendFromISR
 *fill*         0x08007776        0x2 
 .text.xQueueReceive
                0x08007778      0x1c4 ./FreeRTOS/queue.o
                0x08007778                xQueueReceive
 .text.prvCopyDataToQueue
                0x0800793c       0xd4 ./FreeRTOS/queue.o
 .text.prvCopyDataFromQueue
                0x08007a10       0x4c ./FreeRTOS/queue.o
 .text.prvUnlockQueue
                0x08007a5c       0xa4 ./FreeRTOS/queue.o
 .text.prvIsQueueEmpty
                0x08007b00       0x2c ./FreeRTOS/queue.o
 .text.prvIsQueueFull
                0x08007b2c       0x30 ./FreeRTOS/queue.o
 .text.vQueueAddToRegistry
                0x08007b5c       0x54 ./FreeRTOS/queue.o
                0x08007b5c                vQueueAddToRegistry
 .text.vQueueWaitForMessageRestricted
                0x08007bb0       0x68 ./FreeRTOS/queue.o
                0x08007bb0                vQueueWaitForMessageRestricted
 .text.xTaskCreate
                0x08007c18       0x82 ./FreeRTOS/tasks.o
                0x08007c18                xTaskCreate
 .text.prvInitialiseNewTask
                0x08007c9a      0x126 ./FreeRTOS/tasks.o
 .text.prvAddNewTaskToReadyList
                0x08007dc0       0xf4 ./FreeRTOS/tasks.o
 .text.vTaskDelayUntil
                0x08007eb4      0x100 ./FreeRTOS/tasks.o
                0x08007eb4                vTaskDelayUntil
 .text.vTaskDelay
                0x08007fb4       0x6c ./FreeRTOS/tasks.o
                0x08007fb4                vTaskDelay
 .text.vTaskPrioritySet
                0x08008020      0x150 ./FreeRTOS/tasks.o
                0x08008020                vTaskPrioritySet
 .text.vTaskStartScheduler
                0x08008170       0xa0 ./FreeRTOS/tasks.o
                0x08008170                vTaskStartScheduler
 .text.vTaskSuspendAll
                0x08008210       0x1c ./FreeRTOS/tasks.o
                0x08008210                vTaskSuspendAll
 .text.xTaskResumeAll
                0x0800822c      0x150 ./FreeRTOS/tasks.o
                0x0800822c                xTaskResumeAll
 .text.xTaskGetTickCount
                0x0800837c       0x20 ./FreeRTOS/tasks.o
                0x0800837c                xTaskGetTickCount
 .text.xTaskIncrementTick
                0x0800839c      0x188 ./FreeRTOS/tasks.o
                0x0800839c                xTaskIncrementTick
 .text.vTaskSwitchContext
                0x08008524      0x138 ./FreeRTOS/tasks.o
                0x08008524                vTaskSwitchContext
 .text.vTaskPlaceOnEventList
                0x0800865c       0x4c ./FreeRTOS/tasks.o
                0x0800865c                vTaskPlaceOnEventList
 .text.vTaskPlaceOnEventListRestricted
                0x080086a8       0x58 ./FreeRTOS/tasks.o
                0x080086a8                vTaskPlaceOnEventListRestricted
 .text.xTaskRemoveFromEventList
                0x08008700       0xdc ./FreeRTOS/tasks.o
                0x08008700                xTaskRemoveFromEventList
 .text.vTaskInternalSetTimeOutState
                0x080087dc       0x2c ./FreeRTOS/tasks.o
                0x080087dc                vTaskInternalSetTimeOutState
 .text.xTaskCheckForTimeOut
                0x08008808       0xc8 ./FreeRTOS/tasks.o
                0x08008808                xTaskCheckForTimeOut
 .text.vTaskMissedYield
                0x080088d0       0x18 ./FreeRTOS/tasks.o
                0x080088d0                vTaskMissedYield
 .text.prvIdleTask
                0x080088e8       0x30 ./FreeRTOS/tasks.o
 .text.prvInitialiseTaskLists
                0x08008918       0x80 ./FreeRTOS/tasks.o
 .text.prvCheckTasksWaitingTermination
                0x08008998       0x5c ./FreeRTOS/tasks.o
 .text.prvDeleteTCB
                0x080089f4       0x20 ./FreeRTOS/tasks.o
 .text.prvResetNextTaskUnblockTime
                0x08008a14       0x40 ./FreeRTOS/tasks.o
 .text.xTaskGetCurrentTaskHandle
                0x08008a54       0x20 ./FreeRTOS/tasks.o
                0x08008a54                xTaskGetCurrentTaskHandle
 .text.xTaskGetSchedulerState
                0x08008a74       0x3c ./FreeRTOS/tasks.o
                0x08008a74                xTaskGetSchedulerState
 .text.xTaskPriorityDisinherit
                0x08008ab0       0xf4 ./FreeRTOS/tasks.o
                0x08008ab0                xTaskPriorityDisinherit
 .text.ulTaskNotifyTake
                0x08008ba4       0x90 ./FreeRTOS/tasks.o
                0x08008ba4                ulTaskNotifyTake
 .text.vTaskNotifyGiveFromISR
                0x08008c34      0x13c ./FreeRTOS/tasks.o
                0x08008c34                vTaskNotifyGiveFromISR
 .text.prvAddCurrentTaskToDelayedList
                0x08008d70       0xa8 ./FreeRTOS/tasks.o
 .text.vSetTaskCustomParams
                0x08008e18       0x8c ./FreeRTOS/tasks.o
                0x08008e18                vSetTaskCustomParams
 .text.vTaskUpdateDeadline
                0x08008ea4       0x26 ./FreeRTOS/tasks.o
                0x08008ea4                vTaskUpdateDeadline
 *fill*         0x08008eca        0x2 
 .text.vRecalculateRMSPriorities
                0x08008ecc      0x180 ./FreeRTOS/tasks.o
                0x08008ecc                vRecalculateRMSPriorities
 .text.prvXorshift32
                0x0800904c       0x48 ./FreeRTOS/tasks.o
 .text.pxSelectTaskByLottery
                0x08009094      0x114 ./FreeRTOS/tasks.o
                0x08009094                pxSelectTaskByLottery
 .text.prvTreapRightRotate
                0x080091a8       0x76 ./FreeRTOS/tasks.o
 .text.prvTreapLeftRotate
                0x0800921e       0x76 ./FreeRTOS/tasks.o
 .text.vTreapInsert
                0x08009294       0xcc ./FreeRTOS/tasks.o
                0x08009294                vTreapInsert
 .text.vTreapRemove
                0x08009360       0xa8 ./FreeRTOS/tasks.o
                0x08009360                vTreapRemove
 .text.pxTreapExtractMin
                0x08009408       0x44 ./FreeRTOS/tasks.o
                0x08009408                pxTreapExtractMin
 .text.vTreapSafeRemove
                0x0800944c       0x5c ./FreeRTOS/tasks.o
                0x0800944c                vTreapSafeRemove
 .text.prvBufferList
                0x080094a8       0x90 ./FreeRTOS/tasks.o
 .text.Taskmonitor
                0x08009538       0x94 ./FreeRTOS/tasks.o
                0x08009538                Taskmonitor
 .text.xTimerCreateTimerTask
                0x080095cc       0x68 ./FreeRTOS/timers.o
                0x080095cc                xTimerCreateTimerTask
 .text.xTimerGenericCommand
                0x08009634       0x9c ./FreeRTOS/timers.o
                0x08009634                xTimerGenericCommand
 .text.prvProcessExpiredTimer
                0x080096d0       0x9c ./FreeRTOS/timers.o
 .text.prvTimerTask
                0x0800976c       0x26 ./FreeRTOS/timers.o
 *fill*         0x08009792        0x2 
 .text.prvProcessTimerOrBlockTask
                0x08009794       0x9c ./FreeRTOS/timers.o
 .text.prvGetNextExpireTime
                0x08009830       0x48 ./FreeRTOS/timers.o
 .text.prvSampleTimeNow
                0x08009878       0x40 ./FreeRTOS/timers.o
 .text.prvInsertTimerInActiveList
                0x080098b8       0x84 ./FreeRTOS/timers.o
 .text.prvProcessReceivedCommands
                0x0800993c      0x194 ./FreeRTOS/timers.o
 .text.prvSwitchTimerLists
                0x08009ad0       0xcc ./FreeRTOS/timers.o
 .text.prvCheckForValidListAndQueue
                0x08009b9c       0x6c ./FreeRTOS/timers.o
 .text.pxPortInitialiseStack
                0x08009c08       0x68 ./FreeRTOS/portable/ARM_CM4F/port.o
                0x08009c08                pxPortInitialiseStack
 .text.prvTaskExitError
                0x08009c70       0x5c ./FreeRTOS/portable/ARM_CM4F/port.o
 *fill*         0x08009ccc        0x4 
 .text.SVC_Handler
                0x08009cd0       0x28 ./FreeRTOS/portable/ARM_CM4F/port.o
                0x08009cd0                SVC_Handler
 .text.prvPortStartFirstTask
                0x08009cf8       0x28 ./FreeRTOS/portable/ARM_CM4F/port.o
 .text.xPortStartScheduler
                0x08009d20      0x148 ./FreeRTOS/portable/ARM_CM4F/port.o
                0x08009d20                xPortStartScheduler
 .text.vPortEnterCritical
                0x08009e68       0x64 ./FreeRTOS/portable/ARM_CM4F/port.o
                0x08009e68                vPortEnterCritical
 .text.vPortExitCritical
                0x08009ecc       0x54 ./FreeRTOS/portable/ARM_CM4F/port.o
                0x08009ecc                vPortExitCritical
 .text.PendSV_Handler
                0x08009f20       0x68 ./FreeRTOS/portable/ARM_CM4F/port.o
                0x08009f20                PendSV_Handler
 .text.SysTick_Handler
                0x08009f88       0x44 ./FreeRTOS/portable/ARM_CM4F/port.o
                0x08009f88                SysTick_Handler
 .text.vPortSetupTimerInterrupt
                0x08009fcc       0x48 ./FreeRTOS/portable/ARM_CM4F/port.o
                0x08009fcc                vPortSetupTimerInterrupt
 .text.vPortEnableVFP
                0x0800a014       0x14 ./FreeRTOS/portable/ARM_CM4F/port.o
 .text.vPortValidateInterruptPriority
                0x0800a028       0x84 ./FreeRTOS/portable/ARM_CM4F/port.o
                0x0800a028                vPortValidateInterruptPriority
 .text.pvPortMalloc
                0x0800a0ac      0x190 ./FreeRTOS/portable/MemMang/heap_4.o
                0x0800a0ac                pvPortMalloc
 .text.vPortFree
                0x0800a23c       0xb8 ./FreeRTOS/portable/MemMang/heap_4.o
                0x0800a23c                vPortFree
 .text.prvHeapInit
                0x0800a2f4       0xc4 ./FreeRTOS/portable/MemMang/heap_4.o
 .text.prvInsertBlockIntoFreeList
                0x0800a3b8       0xb4 ./FreeRTOS/portable/MemMang/heap_4.o
 .text.USBH_CDC_InterfaceInit
                0x0800a46c      0x2ac ./Middlewares/ST/STM32_USB_Host_Library/Class/CDC/Src/usbh_cdc.o
 .text.USBH_CDC_InterfaceDeInit
                0x0800a718       0xb2 ./Middlewares/ST/STM32_USB_Host_Library/Class/CDC/Src/usbh_cdc.o
 .text.USBH_CDC_ClassRequest
                0x0800a7ca       0x3e ./Middlewares/ST/STM32_USB_Host_Library/Class/CDC/Src/usbh_cdc.o
 .text.USBH_CDC_Process
                0x0800a808      0x12c ./Middlewares/ST/STM32_USB_Host_Library/Class/CDC/Src/usbh_cdc.o
 .text.USBH_CDC_SOFProcess
                0x0800a934       0x16 ./Middlewares/ST/STM32_USB_Host_Library/Class/CDC/Src/usbh_cdc.o
 .text.GetLineCoding
                0x0800a94a       0x3e ./Middlewares/ST/STM32_USB_Host_Library/Class/CDC/Src/usbh_cdc.o
 .text.SetLineCoding
                0x0800a988       0x3e ./Middlewares/ST/STM32_USB_Host_Library/Class/CDC/Src/usbh_cdc.o
 .text.CDC_ProcessTransmission
                0x0800a9c6       0xec ./Middlewares/ST/STM32_USB_Host_Library/Class/CDC/Src/usbh_cdc.o
 .text.CDC_ProcessReception
                0x0800aab2       0xb6 ./Middlewares/ST/STM32_USB_Host_Library/Class/CDC/Src/usbh_cdc.o
 .text.USBH_CDC_TransmitCallback
                0x0800ab68       0x14 ./Middlewares/ST/STM32_USB_Host_Library/Class/CDC/Src/usbh_cdc.o
                0x0800ab68                USBH_CDC_TransmitCallback
 .text.USBH_CDC_ReceiveCallback
                0x0800ab7c       0x14 ./Middlewares/ST/STM32_USB_Host_Library/Class/CDC/Src/usbh_cdc.o
                0x0800ab7c                USBH_CDC_ReceiveCallback
 .text.USBH_CDC_LineCodingChanged
                0x0800ab90       0x14 ./Middlewares/ST/STM32_USB_Host_Library/Class/CDC/Src/usbh_cdc.o
                0x0800ab90                USBH_CDC_LineCodingChanged
 .text.USBH_Init
                0x0800aba4       0x74 ./Middlewares/ST/STM32_USB_Host_Library/Core/Src/usbh_core.o
                0x0800aba4                USBH_Init
 .text.DeInitStateMachine
                0x0800ac18       0xe2 ./Middlewares/ST/STM32_USB_Host_Library/Core/Src/usbh_core.o
 .text.USBH_RegisterClass
                0x0800acfa       0x54 ./Middlewares/ST/STM32_USB_Host_Library/Core/Src/usbh_core.o
                0x0800acfa                USBH_RegisterClass
 .text.USBH_SelectInterface
                0x0800ad4e       0x38 ./Middlewares/ST/STM32_USB_Host_Library/Core/Src/usbh_core.o
                0x0800ad4e                USBH_SelectInterface
 .text.USBH_FindInterface
                0x0800ad86       0x8c ./Middlewares/ST/STM32_USB_Host_Library/Core/Src/usbh_core.o
                0x0800ad86                USBH_FindInterface
 .text.USBH_Start
                0x0800ae12       0x20 ./Middlewares/ST/STM32_USB_Host_Library/Core/Src/usbh_core.o
                0x0800ae12                USBH_Start
 *fill*         0x0800ae32        0x2 
 .text.USBH_Process
                0x0800ae34      0x3d4 ./Middlewares/ST/STM32_USB_Host_Library/Core/Src/usbh_core.o
                0x0800ae34                USBH_Process
 .text.USBH_HandleEnum
                0x0800b208      0x3c0 ./Middlewares/ST/STM32_USB_Host_Library/Core/Src/usbh_core.o
 .text.USBH_LL_SetTimer
                0x0800b5c8       0x1e ./Middlewares/ST/STM32_USB_Host_Library/Core/Src/usbh_core.o
                0x0800b5c8                USBH_LL_SetTimer
 .text.USBH_LL_IncTimer
                0x0800b5e6       0x24 ./Middlewares/ST/STM32_USB_Host_Library/Core/Src/usbh_core.o
                0x0800b5e6                USBH_LL_IncTimer
 .text.USBH_HandleSof
                0x0800b60a       0x30 ./Middlewares/ST/STM32_USB_Host_Library/Core/Src/usbh_core.o
 .text.USBH_LL_PortEnabled
                0x0800b63a       0x1c ./Middlewares/ST/STM32_USB_Host_Library/Core/Src/usbh_core.o
                0x0800b63a                USBH_LL_PortEnabled
 .text.USBH_LL_PortDisabled
                0x0800b656       0x24 ./Middlewares/ST/STM32_USB_Host_Library/Core/Src/usbh_core.o
                0x0800b656                USBH_LL_PortDisabled
 .text.USBH_LL_Connect
                0x0800b67a       0x2e ./Middlewares/ST/STM32_USB_Host_Library/Core/Src/usbh_core.o
                0x0800b67a                USBH_LL_Connect
 .text.USBH_LL_Disconnect
                0x0800b6a8       0x48 ./Middlewares/ST/STM32_USB_Host_Library/Core/Src/usbh_core.o
                0x0800b6a8                USBH_LL_Disconnect
 .text.USBH_Get_DevDesc
                0x0800b6f0       0x58 ./Middlewares/ST/STM32_USB_Host_Library/Core/Src/usbh_ctlreq.o
                0x0800b6f0                USBH_Get_DevDesc
 .text.USBH_Get_CfgDesc
                0x0800b748       0x54 ./Middlewares/ST/STM32_USB_Host_Library/Core/Src/usbh_ctlreq.o
                0x0800b748                USBH_Get_CfgDesc
 .text.USBH_Get_StringDesc
                0x0800b79c       0x68 ./Middlewares/ST/STM32_USB_Host_Library/Core/Src/usbh_ctlreq.o
                0x0800b79c                USBH_Get_StringDesc
 .text.USBH_GetDescriptor
                0x0800b804       0x6a ./Middlewares/ST/STM32_USB_Host_Library/Core/Src/usbh_ctlreq.o
                0x0800b804                USBH_GetDescriptor
 .text.USBH_SetAddress
                0x0800b86e       0x48 ./Middlewares/ST/STM32_USB_Host_Library/Core/Src/usbh_ctlreq.o
                0x0800b86e                USBH_SetAddress
 .text.USBH_SetCfg
                0x0800b8b6       0x46 ./Middlewares/ST/STM32_USB_Host_Library/Core/Src/usbh_ctlreq.o
                0x0800b8b6                USBH_SetCfg
 .text.USBH_SetFeature
                0x0800b8fc       0x48 ./Middlewares/ST/STM32_USB_Host_Library/Core/Src/usbh_ctlreq.o
                0x0800b8fc                USBH_SetFeature
 .text.USBH_ClrFeature
                0x0800b944       0x48 ./Middlewares/ST/STM32_USB_Host_Library/Core/Src/usbh_ctlreq.o
                0x0800b944                USBH_ClrFeature
 .text.USBH_ParseDevDesc
                0x0800b98c      0x160 ./Middlewares/ST/STM32_USB_Host_Library/Core/Src/usbh_ctlreq.o
 .text.USBH_ParseCfgDesc
                0x0800baec      0x1f8 ./Middlewares/ST/STM32_USB_Host_Library/Core/Src/usbh_ctlreq.o
 .text.USBH_ParseInterfaceDesc
                0x0800bce4       0x5e ./Middlewares/ST/STM32_USB_Host_Library/Core/Src/usbh_ctlreq.o
 .text.USBH_ParseEPDesc
                0x0800bd42      0x1d0 ./Middlewares/ST/STM32_USB_Host_Library/Core/Src/usbh_ctlreq.o
 .text.USBH_ParseStringDesc
                0x0800bf12       0x66 ./Middlewares/ST/STM32_USB_Host_Library/Core/Src/usbh_ctlreq.o
 .text.USBH_GetNextDesc
                0x0800bf78       0x34 ./Middlewares/ST/STM32_USB_Host_Library/Core/Src/usbh_ctlreq.o
                0x0800bf78                USBH_GetNextDesc
 .text.USBH_CtlReq
                0x0800bfac       0x7a ./Middlewares/ST/STM32_USB_Host_Library/Core/Src/usbh_ctlreq.o
                0x0800bfac                USBH_CtlReq
 *fill*         0x0800c026        0x2 
 .text.USBH_HandleControl
                0x0800c028      0x2ec ./Middlewares/ST/STM32_USB_Host_Library/Core/Src/usbh_ctlreq.o
 .text.USBH_CtlSendSetup
                0x0800c314       0x34 ./Middlewares/ST/STM32_USB_Host_Library/Core/Src/usbh_ioreq.o
                0x0800c314                USBH_CtlSendSetup
 .text.USBH_CtlSendData
                0x0800c348       0x4a ./Middlewares/ST/STM32_USB_Host_Library/Core/Src/usbh_ioreq.o
                0x0800c348                USBH_CtlSendData
 .text.USBH_CtlReceiveData
                0x0800c392       0x3c ./Middlewares/ST/STM32_USB_Host_Library/Core/Src/usbh_ioreq.o
                0x0800c392                USBH_CtlReceiveData
 .text.USBH_BulkSendData
                0x0800c3ce       0x4a ./Middlewares/ST/STM32_USB_Host_Library/Core/Src/usbh_ioreq.o
                0x0800c3ce                USBH_BulkSendData
 .text.USBH_BulkReceiveData
                0x0800c418       0x3c ./Middlewares/ST/STM32_USB_Host_Library/Core/Src/usbh_ioreq.o
                0x0800c418                USBH_BulkReceiveData
 .text.USBH_OpenPipe
                0x0800c454       0x3e ./Middlewares/ST/STM32_USB_Host_Library/Core/Src/usbh_pipes.o
                0x0800c454                USBH_OpenPipe
 .text.USBH_ClosePipe
                0x0800c492       0x20 ./Middlewares/ST/STM32_USB_Host_Library/Core/Src/usbh_pipes.o
                0x0800c492                USBH_ClosePipe
 .text.USBH_AllocPipe
                0x0800c4b2       0x42 ./Middlewares/ST/STM32_USB_Host_Library/Core/Src/usbh_pipes.o
                0x0800c4b2                USBH_AllocPipe
 .text.USBH_FreePipe
                0x0800c4f4       0x3c ./Middlewares/ST/STM32_USB_Host_Library/Core/Src/usbh_pipes.o
                0x0800c4f4                USBH_FreePipe
 .text.USBH_GetFreePipe
                0x0800c530       0x48 ./Middlewares/ST/STM32_USB_Host_Library/Core/Src/usbh_pipes.o
 .text.MX_USB_HOST_Init
                0x0800c578       0x4c ./USB_HOST/App/usb_host.o
                0x0800c578                MX_USB_HOST_Init
 .text.MX_USB_HOST_Process
                0x0800c5c4       0x14 ./USB_HOST/App/usb_host.o
                0x0800c5c4                MX_USB_HOST_Process
 .text.USBH_UserProcess
                0x0800c5d8       0x5c ./USB_HOST/App/usb_host.o
 .text.HAL_HCD_MspInit
                0x0800c634       0xc4 ./USB_HOST/Target/usbh_conf.o
                0x0800c634                HAL_HCD_MspInit
 .text.HAL_HCD_SOF_Callback
                0x0800c6f8       0x1c ./USB_HOST/Target/usbh_conf.o
                0x0800c6f8                HAL_HCD_SOF_Callback
 .text.HAL_HCD_Connect_Callback
                0x0800c714       0x1c ./USB_HOST/Target/usbh_conf.o
                0x0800c714                HAL_HCD_Connect_Callback
 .text.HAL_HCD_Disconnect_Callback
                0x0800c730       0x1c ./USB_HOST/Target/usbh_conf.o
                0x0800c730                HAL_HCD_Disconnect_Callback
 .text.HAL_HCD_HC_NotifyURBChange_Callback
                0x0800c74c       0x1c ./USB_HOST/Target/usbh_conf.o
                0x0800c74c                HAL_HCD_HC_NotifyURBChange_Callback
 .text.HAL_HCD_PortEnabled_Callback
                0x0800c768       0x1c ./USB_HOST/Target/usbh_conf.o
                0x0800c768                HAL_HCD_PortEnabled_Callback
 .text.HAL_HCD_PortDisabled_Callback
                0x0800c784       0x1c ./USB_HOST/Target/usbh_conf.o
                0x0800c784                HAL_HCD_PortDisabled_Callback
 .text.USBH_LL_Init
                0x0800c7a0       0x78 ./USB_HOST/Target/usbh_conf.o
                0x0800c7a0                USBH_LL_Init
 .text.USBH_LL_Start
                0x0800c818       0x36 ./USB_HOST/Target/usbh_conf.o
                0x0800c818                USBH_LL_Start
 .text.USBH_LL_Stop
                0x0800c84e       0x36 ./USB_HOST/Target/usbh_conf.o
                0x0800c84e                USBH_LL_Stop
 .text.USBH_LL_GetSpeed
                0x0800c884       0x4e ./USB_HOST/Target/usbh_conf.o
                0x0800c884                USBH_LL_GetSpeed
 .text.USBH_LL_ResetPort
                0x0800c8d2       0x36 ./USB_HOST/Target/usbh_conf.o
                0x0800c8d2                USBH_LL_ResetPort
 .text.USBH_LL_GetLastXferSize
                0x0800c908       0x26 ./USB_HOST/Target/usbh_conf.o
                0x0800c908                USBH_LL_GetLastXferSize
 .text.USBH_LL_OpenPipe
                0x0800c92e       0x5e ./USB_HOST/Target/usbh_conf.o
                0x0800c92e                USBH_LL_OpenPipe
 .text.USBH_LL_ClosePipe
                0x0800c98c       0x3e ./USB_HOST/Target/usbh_conf.o
                0x0800c98c                USBH_LL_ClosePipe
 .text.USBH_LL_SubmitURB
                0x0800c9ca       0x62 ./USB_HOST/Target/usbh_conf.o
                0x0800c9ca                USBH_LL_SubmitURB
 .text.USBH_LL_GetURBState
                0x0800ca2c       0x26 ./USB_HOST/Target/usbh_conf.o
                0x0800ca2c                USBH_LL_GetURBState
 .text.USBH_LL_DriverVBUS
                0x0800ca52       0x2e ./USB_HOST/Target/usbh_conf.o
                0x0800ca52                USBH_LL_DriverVBUS
 .text.USBH_LL_SetToggle
                0x0800ca80       0x66 ./USB_HOST/Target/usbh_conf.o
                0x0800ca80                USBH_LL_SetToggle
 .text.USBH_Delay
                0x0800cae6       0x16 ./USB_HOST/Target/usbh_conf.o
                0x0800cae6                USBH_Delay
 .text.USBH_Get_USB_Status
                0x0800cafc       0x58 ./USB_HOST/Target/usbh_conf.o
                0x0800cafc                USBH_Get_USB_Status
 .text.MX_DriverVbusFS
                0x0800cb54       0x38 ./USB_HOST/Target/usbh_platform.o
                0x0800cb54                MX_DriverVbusFS
 .text.malloc   0x0800cb8c       0x10 C:/ST/STM32CubeIDE_1.17.0/STM32CubeIDE/plugins/com.st.stm32cube.ide.mcu.externaltools.gnu-tools-for-stm32.12.3.rel1.win32_1.1.0.202410251130/tools/bin/../lib/gcc/arm-none-eabi/12.3.1/../../../../arm-none-eabi/lib/thumb/v7e-m+fp/hard\libc_nano.a(libc_a-malloc.o)
                0x0800cb8c                malloc
 .text.free     0x0800cb9c       0x10 C:/ST/STM32CubeIDE_1.17.0/STM32CubeIDE/plugins/com.st.stm32cube.ide.mcu.externaltools.gnu-tools-for-stm32.12.3.rel1.win32_1.1.0.202410251130/tools/bin/../lib/gcc/arm-none-eabi/12.3.1/../../../../arm-none-eabi/lib/thumb/v7e-m+fp/hard\libc_nano.a(libc_a-malloc.o)
                0x0800cb9c                free
 .text.sbrk_aligned
                0x0800cbac       0x44 C:/ST/STM32CubeIDE_1.17.0/STM32CubeIDE/plugins/com.st.stm32cube.ide.mcu.externaltools.gnu-tools-for-stm32.12.3.rel1.win32_1.1.0.202410251130/tools/bin/../lib/gcc/arm-none-eabi/12.3.1/../../../../arm-none-eabi/lib/thumb/v7e-m+fp/hard\libc_nano.a(libc_a-mallocr.o)
 .text._malloc_r
                0x0800cbf0      0x100 C:/ST/STM32CubeIDE_1.17.0/STM32CubeIDE/plugins/com.st.stm32cube.ide.mcu.externaltools.gnu-tools-for-stm32.12.3.rel1.win32_1.1.0.202410251130/tools/bin/../lib/gcc/arm-none-eabi/12.3.1/../../../../arm-none-eabi/lib/thumb/v7e-m+fp/hard\libc_nano.a(libc_a-mallocr.o)
                0x0800cbf0                _malloc_r
 .text.__malloc_lock
                0x0800ccf0        0xc C:/ST/STM32CubeIDE_1.17.0/STM32CubeIDE/plugins/com.st.stm32cube.ide.mcu.externaltools.gnu-tools-for-stm32.12.3.rel1.win32_1.1.0.202410251130/tools/bin/../lib/gcc/arm-none-eabi/12.3.1/../../../../arm-none-eabi/lib/thumb/v7e-m+fp/hard\libc_nano.a(libc_a-mlock.o)
                0x0800ccf0                __malloc_lock
 .text.__malloc_unlock
                0x0800ccfc        0xc C:/ST/STM32CubeIDE_1.17.0/STM32CubeIDE/plugins/com.st.stm32cube.ide.mcu.externaltools.gnu-tools-for-stm32.12.3.rel1.win32_1.1.0.202410251130/tools/bin/../lib/gcc/arm-none-eabi/12.3.1/../../../../arm-none-eabi/lib/thumb/v7e-m+fp/hard\libc_nano.a(libc_a-mlock.o)
                0x0800ccfc                __malloc_unlock
 .text.sprintf  0x0800cd08       0x40 C:/ST/STM32CubeIDE_1.17.0/STM32CubeIDE/plugins/com.st.stm32cube.ide.mcu.externaltools.gnu-tools-for-stm32.12.3.rel1.win32_1.1.0.202410251130/tools/bin/../lib/gcc/arm-none-eabi/12.3.1/../../../../arm-none-eabi/lib/thumb/v7e-m+fp/hard\libc_nano.a(libc_a-sprintf.o)
                0x0800cd08                siprintf
                0x0800cd08                sprintf
 .text.memset   0x0800cd48       0x10 C:/ST/STM32CubeIDE_1.17.0/STM32CubeIDE/plugins/com.st.stm32cube.ide.mcu.externaltools.gnu-tools-for-stm32.12.3.rel1.win32_1.1.0.202410251130/tools/bin/../lib/gcc/arm-none-eabi/12.3.1/../../../../arm-none-eabi/lib/thumb/v7e-m+fp/hard\libc_nano.a(libc_a-memset.o)
                0x0800cd48                memset
 .text.strcat   0x0800cd58       0x1e C:/ST/STM32CubeIDE_1.17.0/STM32CubeIDE/plugins/com.st.stm32cube.ide.mcu.externaltools.gnu-tools-for-stm32.12.3.rel1.win32_1.1.0.202410251130/tools/bin/../lib/gcc/arm-none-eabi/12.3.1/../../../../arm-none-eabi/lib/thumb/v7e-m+fp/hard\libc_nano.a(libc_a-strcat.o)
                0x0800cd58                strcat
 *fill*         0x0800cd76        0x2 
 .text._sbrk_r  0x0800cd78       0x20 C:/ST/STM32CubeIDE_1.17.0/STM32CubeIDE/plugins/com.st.stm32cube.ide.mcu.externaltools.gnu-tools-for-stm32.12.3.rel1.win32_1.1.0.202410251130/tools/bin/../lib/gcc/arm-none-eabi/12.3.1/../../../../arm-none-eabi/lib/thumb/v7e-m+fp/hard\libc_nano.a(libc_a-sbrkr.o)
                0x0800cd78                _sbrk_r
 .text.__errno  0x0800cd98        0xc C:/ST/STM32CubeIDE_1.17.0/STM32CubeIDE/plugins/com.st.stm32cube.ide.mcu.externaltools.gnu-tools-for-stm32.12.3.rel1.win32_1.1.0.202410251130/tools/bin/../lib/gcc/arm-none-eabi/12.3.1/../../../../arm-none-eabi/lib/thumb/v7e-m+fp/hard\libc_nano.a(libc_a-errno.o)
                0x0800cd98                __errno
 .text.__libc_init_array
                0x0800cda4       0x48 C:/ST/STM32CubeIDE_1.17.0/STM32CubeIDE/plugins/com.st.stm32cube.ide.mcu.externaltools.gnu-tools-for-stm32.12.3.rel1.win32_1.1.0.202410251130/tools/bin/../lib/gcc/arm-none-eabi/12.3.1/../../../../arm-none-eabi/lib/thumb/v7e-m+fp/hard\libc_nano.a(libc_a-init.o)
                0x0800cda4                __libc_init_array
 .text.__retarget_lock_acquire_recursive
                0x0800cdec        0x2 C:/ST/STM32CubeIDE_1.17.0/STM32CubeIDE/plugins/com.st.stm32cube.ide.mcu.externaltools.gnu-tools-for-stm32.12.3.rel1.win32_1.1.0.202410251130/tools/bin/../lib/gcc/arm-none-eabi/12.3.1/../../../../arm-none-eabi/lib/thumb/v7e-m+fp/hard\libc_nano.a(libc_a-lock.o)
                0x0800cdec                __retarget_lock_acquire_recursive
 .text.__retarget_lock_release_recursive
                0x0800cdee        0x2 C:/ST/STM32CubeIDE_1.17.0/STM32CubeIDE/plugins/com.st.stm32cube.ide.mcu.externaltools.gnu-tools-for-stm32.12.3.rel1.win32_1.1.0.202410251130/tools/bin/../lib/gcc/arm-none-eabi/12.3.1/../../../../arm-none-eabi/lib/thumb/v7e-m+fp/hard\libc_nano.a(libc_a-lock.o)
                0x0800cdee                __retarget_lock_release_recursive
 .text.memcpy   0x0800cdf0       0x1c C:/ST/STM32CubeIDE_1.17.0/STM32CubeIDE/plugins/com.st.stm32cube.ide.mcu.externaltools.gnu-tools-for-stm32.12.3.rel1.win32_1.1.0.202410251130/tools/bin/../lib/gcc/arm-none-eabi/12.3.1/../../../../arm-none-eabi/lib/thumb/v7e-m+fp/hard\libc_nano.a(libc_a-memcpy-stub.o)
                0x0800cdf0                memcpy
 .text._free_r  0x0800ce0c       0x94 C:/ST/STM32CubeIDE_1.17.0/STM32CubeIDE/plugins/com.st.stm32cube.ide.mcu.externaltools.gnu-tools-for-stm32.12.3.rel1.win32_1.1.0.202410251130/tools/bin/../lib/gcc/arm-none-eabi/12.3.1/../../../../arm-none-eabi/lib/thumb/v7e-m+fp/hard\libc_nano.a(libc_a-freer.o)
                0x0800ce0c                _free_r
 .text.__ssputs_r
                0x0800cea0       0xb6 C:/ST/STM32CubeIDE_1.17.0/STM32CubeIDE/plugins/com.st.stm32cube.ide.mcu.externaltools.gnu-tools-for-stm32.12.3.rel1.win32_1.1.0.202410251130/tools/bin/../lib/gcc/arm-none-eabi/12.3.1/../../../../arm-none-eabi/lib/thumb/v7e-m+fp/hard\libc_nano.a(libc_a-nano-svfprintf.o)
                0x0800cea0                __ssputs_r
 *fill*         0x0800cf56        0x2 
 .text._svfprintf_r
                0x0800cf58      0x1f8 C:/ST/STM32CubeIDE_1.17.0/STM32CubeIDE/plugins/com.st.stm32cube.ide.mcu.externaltools.gnu-tools-for-stm32.12.3.rel1.win32_1.1.0.202410251130/tools/bin/../lib/gcc/arm-none-eabi/12.3.1/../../../../arm-none-eabi/lib/thumb/v7e-m+fp/hard\libc_nano.a(libc_a-nano-svfprintf.o)
                0x0800cf58                _svfiprintf_r
                0x0800cf58                _svfprintf_r
 .text._printf_common
                0x0800d150       0xda C:/ST/STM32CubeIDE_1.17.0/STM32CubeIDE/plugins/com.st.stm32cube.ide.mcu.externaltools.gnu-tools-for-stm32.12.3.rel1.win32_1.1.0.202410251130/tools/bin/../lib/gcc/arm-none-eabi/12.3.1/../../../../arm-none-eabi/lib/thumb/v7e-m+fp/hard\libc_nano.a(libc_a-nano-vfprintf_i.o)
                0x0800d150                _printf_common
 *fill*         0x0800d22a        0x2 
 .text._printf_i
                0x0800d22c      0x240 C:/ST/STM32CubeIDE_1.17.0/STM32CubeIDE/plugins/com.st.stm32cube.ide.mcu.externaltools.gnu-tools-for-stm32.12.3.rel1.win32_1.1.0.202410251130/tools/bin/../lib/gcc/arm-none-eabi/12.3.1/../../../../arm-none-eabi/lib/thumb/v7e-m+fp/hard\libc_nano.a(libc_a-nano-vfprintf_i.o)
                0x0800d22c                _printf_i
 .text.memmove  0x0800d46c       0x34 C:/ST/STM32CubeIDE_1.17.0/STM32CubeIDE/plugins/com.st.stm32cube.ide.mcu.externaltools.gnu-tools-for-stm32.12.3.rel1.win32_1.1.0.202410251130/tools/bin/../lib/gcc/arm-none-eabi/12.3.1/../../../../arm-none-eabi/lib/thumb/v7e-m+fp/hard\libc_nano.a(libc_a-memmove.o)
                0x0800d46c                memmove
 .text._realloc_r
                0x0800d4a0       0x5c C:/ST/STM32CubeIDE_1.17.0/STM32CubeIDE/plugins/com.st.stm32cube.ide.mcu.externaltools.gnu-tools-for-stm32.12.3.rel1.win32_1.1.0.202410251130/tools/bin/../lib/gcc/arm-none-eabi/12.3.1/../../../../arm-none-eabi/lib/thumb/v7e-m+fp/hard\libc_nano.a(libc_a-reallocr.o)
                0x0800d4a0                _realloc_r
 .text._malloc_usable_size_r
                0x0800d4fc       0x10 C:/ST/STM32CubeIDE_1.17.0/STM32CubeIDE/plugins/com.st.stm32cube.ide.mcu.externaltools.gnu-tools-for-stm32.12.3.rel1.win32_1.1.0.202410251130/tools/bin/../lib/gcc/arm-none-eabi/12.3.1/../../../../arm-none-eabi/lib/thumb/v7e-m+fp/hard\libc_nano.a(libc_a-msizer.o)
                0x0800d4fc                _malloc_usable_size_r
 *(.glue_7)
 .glue_7        0x0800d50c        0x0 linker stubs
 *(.glue_7t)
 .glue_7t       0x0800d50c        0x0 linker stubs
 *(.eh_frame)
 .eh_frame      0x0800d50c        0x0 C:/ST/STM32CubeIDE_1.17.0/STM32CubeIDE/plugins/com.st.stm32cube.ide.mcu.externaltools.gnu-tools-for-stm32.12.3.rel1.win32_1.1.0.202410251130/tools/bin/../lib/gcc/arm-none-eabi/12.3.1/thumb/v7e-m+fp/hard/crtbegin.o
 *(.init)
 .init          0x0800d50c        0x4 C:/ST/STM32CubeIDE_1.17.0/STM32CubeIDE/plugins/com.st.stm32cube.ide.mcu.externaltools.gnu-tools-for-stm32.12.3.rel1.win32_1.1.0.202410251130/tools/bin/../lib/gcc/arm-none-eabi/12.3.1/thumb/v7e-m+fp/hard/crti.o
                0x0800d50c                _init
 .init          0x0800d510        0x8 C:/ST/STM32CubeIDE_1.17.0/STM32CubeIDE/plugins/com.st.stm32cube.ide.mcu.externaltools.gnu-tools-for-stm32.12.3.rel1.win32_1.1.0.202410251130/tools/bin/../lib/gcc/arm-none-eabi/12.3.1/thumb/v7e-m+fp/hard/crtn.o
 *(.fini)
 .fini          0x0800d518        0x4 C:/ST/STM32CubeIDE_1.17.0/STM32CubeIDE/plugins/com.st.stm32cube.ide.mcu.externaltools.gnu-tools-for-stm32.12.3.rel1.win32_1.1.0.202410251130/tools/bin/../lib/gcc/arm-none-eabi/12.3.1/thumb/v7e-m+fp/hard/crti.o
                0x0800d518                _fini
 .fini          0x0800d51c        0x8 C:/ST/STM32CubeIDE_1.17.0/STM32CubeIDE/plugins/com.st.stm32cube.ide.mcu.externaltools.gnu-tools-for-stm32.12.3.rel1.win32_1.1.0.202410251130/tools/bin/../lib/gcc/arm-none-eabi/12.3.1/thumb/v7e-m+fp/hard/crtn.o
                0x0800d524                        . = ALIGN (0x4)
                0x0800d524                        _etext = .

.vfp11_veneer   0x0800d524        0x0
 .vfp11_veneer  0x0800d524        0x0 linker stubs

.v4_bx          0x0800d524        0x0
 .v4_bx         0x0800d524        0x0 linker stubs

.iplt           0x0800d524        0x0
 .iplt          0x0800d524        0x0 C:/ST/STM32CubeIDE_1.17.0/STM32CubeIDE/plugins/com.st.stm32cube.ide.mcu.externaltools.gnu-tools-for-stm32.12.3.rel1.win32_1.1.0.202410251130/tools/bin/../lib/gcc/arm-none-eabi/12.3.1/thumb/v7e-m+fp/hard/crtbegin.o

.rodata         0x0800d524      0x224
                0x0800d524                        . = ALIGN (0x4)
 *(.rodata)
 .rodata        0x0800d524       0xac ./Core/Src/main.o
 .rodata        0x0800d5d0      0x116 ./FreeRTOS/tasks.o
 *fill*         0x0800d6e6        0x2 
 .rodata        0x0800d6e8        0xd ./FreeRTOS/timers.o
 *fill*         0x0800d6f5        0x3 
 .rodata        0x0800d6f8        0x4 ./Middlewares/ST/STM32_USB_Host_Library/Class/CDC/Src/usbh_cdc.o
 *(.rodata*)
 .rodata.AHBPrescTable
                0x0800d6fc       0x10 ./Core/Src/system_stm32f4xx.o
                0x0800d6fc                AHBPrescTable
 .rodata.APBPrescTable
                0x0800d70c        0x8 ./Core/Src/system_stm32f4xx.o
                0x0800d70c                APBPrescTable
 .rodata._svfprintf_r.str1.1
                0x0800d714       0x11 C:/ST/STM32CubeIDE_1.17.0/STM32CubeIDE/plugins/com.st.stm32cube.ide.mcu.externaltools.gnu-tools-for-stm32.12.3.rel1.win32_1.1.0.202410251130/tools/bin/../lib/gcc/arm-none-eabi/12.3.1/../../../../arm-none-eabi/lib/thumb/v7e-m+fp/hard\libc_nano.a(libc_a-nano-svfprintf.o)
 .rodata._printf_i.str1.1
                0x0800d725       0x22 C:/ST/STM32CubeIDE_1.17.0/STM32CubeIDE/plugins/com.st.stm32cube.ide.mcu.externaltools.gnu-tools-for-stm32.12.3.rel1.win32_1.1.0.202410251130/tools/bin/../lib/gcc/arm-none-eabi/12.3.1/../../../../arm-none-eabi/lib/thumb/v7e-m+fp/hard\libc_nano.a(libc_a-nano-vfprintf_i.o)
                0x0800d748                        . = ALIGN (0x4)
 *fill*         0x0800d747        0x1 

.ARM.extab      0x0800d748        0x0
                0x0800d748                        . = ALIGN (0x4)
 *(.ARM.extab* .gnu.linkonce.armextab.*)
                0x0800d748                        . = ALIGN (0x4)

.ARM            0x0800d748        0x8
                0x0800d748                        . = ALIGN (0x4)
                0x0800d748                        __exidx_start = .
 *(.ARM.exidx*)
 .ARM.exidx     0x0800d748        0x8 C:/ST/STM32CubeIDE_1.17.0/STM32CubeIDE/plugins/com.st.stm32cube.ide.mcu.externaltools.gnu-tools-for-stm32.12.3.rel1.win32_1.1.0.202410251130/tools/bin/../lib/gcc/arm-none-eabi/12.3.1/../../../../arm-none-eabi/lib/thumb/v7e-m+fp/hard\libc_nano.a(libc_a-strlen.o)
 .ARM.exidx     0x0800d750        0x0 C:/ST/STM32CubeIDE_1.17.0/STM32CubeIDE/plugins/com.st.stm32cube.ide.mcu.externaltools.gnu-tools-for-stm32.12.3.rel1.win32_1.1.0.202410251130/tools/bin/../lib/gcc/arm-none-eabi/12.3.1/../../../../arm-none-eabi/lib/thumb/v7e-m+fp/hard\libc_nano.a(libc_a-memchr.o)
                                  0x8 (size before relaxing)
 .ARM.exidx     0x0800d750        0x0 C:/ST/STM32CubeIDE_1.17.0/STM32CubeIDE/plugins/com.st.stm32cube.ide.mcu.externaltools.gnu-tools-for-stm32.12.3.rel1.win32_1.1.0.202410251130/tools/bin/../lib/gcc/arm-none-eabi/12.3.1/thumb/v7e-m+fp/hard\libgcc.a(_udivmoddi4.o)
                                  0x8 (size before relaxing)
                0x0800d750                        __exidx_end = .
                0x0800d750                        . = ALIGN (0x4)

.preinit_array  0x0800d750        0x0
                0x0800d750                        . = ALIGN (0x4)
                0x0800d750                        PROVIDE (__preinit_array_start = .)
 *(.preinit_array*)
                0x0800d750                        PROVIDE (__preinit_array_end = .)
                0x0800d750                        . = ALIGN (0x4)

.init_array     0x0800d750        0x4
                0x0800d750                        . = ALIGN (0x4)
                0x0800d750                        PROVIDE (__init_array_start = .)
 *(SORT_BY_NAME(.init_array.*))
 *(.init_array*)
 .init_array    0x0800d750        0x4 C:/ST/STM32CubeIDE_1.17.0/STM32CubeIDE/plugins/com.st.stm32cube.ide.mcu.externaltools.gnu-tools-for-stm32.12.3.rel1.win32_1.1.0.202410251130/tools/bin/../lib/gcc/arm-none-eabi/12.3.1/thumb/v7e-m+fp/hard/crtbegin.o
                0x0800d754                        PROVIDE (__init_array_end = .)
                0x0800d754                        . = ALIGN (0x4)

.fini_array     0x0800d754        0x4
                0x0800d754                        . = ALIGN (0x4)
                [!provide]                        PROVIDE (__fini_array_start = .)
 *(SORT_BY_NAME(.fini_array.*))
 *(.fini_array*)
 .fini_array    0x0800d754        0x4 C:/ST/STM32CubeIDE_1.17.0/STM32CubeIDE/plugins/com.st.stm32cube.ide.mcu.externaltools.gnu-tools-for-stm32.12.3.rel1.win32_1.1.0.202410251130/tools/bin/../lib/gcc/arm-none-eabi/12.3.1/thumb/v7e-m+fp/hard/crtbegin.o
                [!provide]                        PROVIDE (__fini_array_end = .)
                0x0800d758                        . = ALIGN (0x4)
                0x0800d758                        _sidata = LOADADDR (.data)

.rel.dyn        0x0800d758        0x0
 .rel.iplt      0x0800d758        0x0 C:/ST/STM32CubeIDE_1.17.0/STM32CubeIDE/plugins/com.st.stm32cube.ide.mcu.externaltools.gnu-tools-for-stm32.12.3.rel1.win32_1.1.0.202410251130/tools/bin/../lib/gcc/arm-none-eabi/12.3.1/thumb/v7e-m+fp/hard/crtbegin.o

.data           0x20000000       0xa8 load address 0x0800d758
                0x20000000                        . = ALIGN (0x4)
                0x20000000                        _sdata = .
 *(.data)
 *(.data*)
 .data.xTaskAParams
                0x20000000        0xc ./Core/Src/main.o
                0x20000000                xTaskAParams
 .data.xTaskBParams
                0x2000000c        0xc ./Core/Src/main.o
                0x2000000c                xTaskBParams
 .data.xTaskCParams
                0x20000018        0xc ./Core/Src/main.o
                0x20000018                xTaskCParams
 .data.SystemCoreClock
                0x20000024        0x4 ./Core/Src/system_stm32f4xx.o
                0x20000024                SystemCoreClock
 .data.uwTickPrio
                0x20000028        0x4 ./Drivers/STM32F4xx_HAL_Driver/Src/stm32f4xx_hal.o
                0x20000028                uwTickPrio
 .data.uwTickFreq
                0x2000002c        0x1 ./Drivers/STM32F4xx_HAL_Driver/Src/stm32f4xx_hal.o
                0x2000002c                uwTickFreq
 *fill*         0x2000002d        0x3 
 .data.ulState.1
                0x20000030        0x4 ./FreeRTOS/tasks.o
 .data.uxCriticalNesting
                0x20000034        0x4 ./FreeRTOS/portable/ARM_CM4F/port.o
 .data.CDC_Class
                0x20000038       0x20 ./Middlewares/ST/STM32_USB_Host_Library/Class/CDC/Src/usbh_cdc.o
                0x20000038                CDC_Class
 .data._impure_ptr
                0x20000058        0x4 C:/ST/STM32CubeIDE_1.17.0/STM32CubeIDE/plugins/com.st.stm32cube.ide.mcu.externaltools.gnu-tools-for-stm32.12.3.rel1.win32_1.1.0.202410251130/tools/bin/../lib/gcc/arm-none-eabi/12.3.1/../../../../arm-none-eabi/lib/thumb/v7e-m+fp/hard\libc_nano.a(libc_a-impure.o)
                0x20000058                _impure_ptr
 .data._impure_data
                0x2000005c       0x4c C:/ST/STM32CubeIDE_1.17.0/STM32CubeIDE/plugins/com.st.stm32cube.ide.mcu.externaltools.gnu-tools-for-stm32.12.3.rel1.win32_1.1.0.202410251130/tools/bin/../lib/gcc/arm-none-eabi/12.3.1/../../../../arm-none-eabi/lib/thumb/v7e-m+fp/hard\libc_nano.a(libc_a-impure.o)
                0x2000005c                _impure_data
 *(.RamFunc)
 *(.RamFunc*)
                0x200000a8                        . = ALIGN (0x4)
                0x200000a8                        _edata = .
                0x0800d800                        _siccmram = LOADADDR (.ccmram)

.igot.plt       0x200000a8        0x0 load address 0x0800d800
 .igot.plt      0x200000a8        0x0 C:/ST/STM32CubeIDE_1.17.0/STM32CubeIDE/plugins/com.st.stm32cube.ide.mcu.externaltools.gnu-tools-for-stm32.12.3.rel1.win32_1.1.0.202410251130/tools/bin/../lib/gcc/arm-none-eabi/12.3.1/thumb/v7e-m+fp/hard/crtbegin.o

.ccmram         0x10000000        0x0 load address 0x0800d800
                0x10000000                        . = ALIGN (0x4)
                0x10000000                        _sccmram = .
 *(.ccmram)
 *(.ccmram*)
                0x10000000                        . = ALIGN (0x4)
                0x10000000                        _eccmram = .
                0x10000000                        . = ALIGN (0x4)

.bss            0x200000a8    0x140a8
                0x200000a8                        _sbss = .
                0x200000a8                        __bss_start__ = _sbss
 *(.bss)
 .bss           0x200000a8       0x1c C:/ST/STM32CubeIDE_1.17.0/STM32CubeIDE/plugins/com.st.stm32cube.ide.mcu.externaltools.gnu-tools-for-stm32.12.3.rel1.win32_1.1.0.202410251130/tools/bin/../lib/gcc/arm-none-eabi/12.3.1/thumb/v7e-m+fp/hard/crtbegin.o
 *(.bss*)
 .bss.hi2c1     0x200000c4       0x54 ./Core/Src/main.o
                0x200000c4                hi2c1
 .bss.hi2s3     0x20000118       0x48 ./Core/Src/main.o
                0x20000118                hi2s3
 .bss.hspi1     0x20000160       0x58 ./Core/Src/main.o
                0x20000160                hspi1
 .bss.huart2    0x200001b8       0x48 ./Core/Src/main.o
                0x200001b8                huart2
 .bss.xControlTaskHandle
                0x20000200        0x4 ./Core/Src/main.o
                0x20000200                xControlTaskHandle
 .bss.ulLastPressTime.0
                0x20000204        0x4 ./Core/Src/main.o
 .bss.htim7     0x20000208       0x48 ./Core/Src/stm32f4xx_hal_timebase_tim.o
                0x20000208                htim7
 .bss.__sbrk_heap_end
                0x20000250        0x4 ./Core/Src/sysmem.o
 .bss.uwTick    0x20000254        0x4 ./Drivers/STM32F4xx_HAL_Driver/Src/stm32f4xx_hal.o
                0x20000254                uwTick
 .bss.xQueueRegistry
                0x20000258       0x40 ./FreeRTOS/queue.o
                0x20000258                xQueueRegistry
 .bss.ucCurrentScheduler
                0x20000298        0x1 ./FreeRTOS/tasks.o
                0x20000298                ucCurrentScheduler
 *fill*         0x20000299        0x3 
 .bss.pxCurrentTCB
                0x2000029c        0x4 ./FreeRTOS/tasks.o
                0x2000029c                pxCurrentTCB
 .bss.pxReadyTasksLists
                0x200002a0       0x64 ./FreeRTOS/tasks.o
 .bss.xDelayedTaskList1
                0x20000304       0x14 ./FreeRTOS/tasks.o
 .bss.xDelayedTaskList2
                0x20000318       0x14 ./FreeRTOS/tasks.o
 .bss.pxDelayedTaskList
                0x2000032c        0x4 ./FreeRTOS/tasks.o
 .bss.pxOverflowDelayedTaskList
                0x20000330        0x4 ./FreeRTOS/tasks.o
 .bss.xPendingReadyList
                0x20000334       0x14 ./FreeRTOS/tasks.o
 .bss.xTasksWaitingTermination
                0x20000348       0x14 ./FreeRTOS/tasks.o
 .bss.uxDeletedTasksWaitingCleanUp
                0x2000035c        0x4 ./FreeRTOS/tasks.o
 .bss.xSuspendedTaskList
                0x20000360       0x14 ./FreeRTOS/tasks.o
 .bss.uxCurrentNumberOfTasks
                0x20000374        0x4 ./FreeRTOS/tasks.o
 .bss.xTickCount
                0x20000378        0x4 ./FreeRTOS/tasks.o
 .bss.uxTopReadyPriority
                0x2000037c        0x4 ./FreeRTOS/tasks.o
 .bss.xSchedulerRunning
                0x20000380        0x4 ./FreeRTOS/tasks.o
 .bss.uxPendedTicks
                0x20000384        0x4 ./FreeRTOS/tasks.o
 .bss.xYieldPending
                0x20000388        0x4 ./FreeRTOS/tasks.o
 .bss.xNumOfOverflows
                0x2000038c        0x4 ./FreeRTOS/tasks.o
 .bss.uxTaskNumber
                0x20000390        0x4 ./FreeRTOS/tasks.o
 .bss.xNextTaskUnblockTime
                0x20000394        0x4 ./FreeRTOS/tasks.o
 .bss.xIdleTaskHandle
                0x20000398        0x4 ./FreeRTOS/tasks.o
 .bss.uxSchedulerSuspended
                0x2000039c        0x4 ./FreeRTOS/tasks.o
 .bss.ulTaskSwitchedInTime
                0x200003a0        0x4 ./FreeRTOS/tasks.o
 .bss.ulTotalRunTime
                0x200003a4        0x4 ./FreeRTOS/tasks.o
 .bss.pxEDFTreapRoot
                0x200003a8        0x4 ./FreeRTOS/tasks.o
 .bss.xRegisteredTasks
                0x200003ac       0x40 ./FreeRTOS/tasks.o
 .bss.ucRegisteredTaskCount
                0x200003ec        0x1 ./FreeRTOS/tasks.o
 *fill*         0x200003ed        0x3 
 .bss.cBigBuffer.0
                0x200003f0      0x800 ./FreeRTOS/tasks.o
 .bss.xActiveTimerList1
                0x20000bf0       0x14 ./FreeRTOS/timers.o
 .bss.xActiveTimerList2
                0x20000c04       0x14 ./FreeRTOS/timers.o
 .bss.pxCurrentTimerList
                0x20000c18        0x4 ./FreeRTOS/timers.o
 .bss.pxOverflowTimerList
                0x20000c1c        0x4 ./FreeRTOS/timers.o
 .bss.xTimerQueue
                0x20000c20        0x4 ./FreeRTOS/timers.o
 .bss.xTimerTaskHandle
                0x20000c24        0x4 ./FreeRTOS/timers.o
 .bss.xLastTime.0
                0x20000c28        0x4 ./FreeRTOS/timers.o
 .bss.ucMaxSysCallPriority
                0x20000c2c        0x1 ./FreeRTOS/portable/ARM_CM4F/port.o
 *fill*         0x20000c2d        0x3 
 .bss.ulMaxPRIGROUPValue
                0x20000c30        0x4 ./FreeRTOS/portable/ARM_CM4F/port.o
 .bss.ucHeap    0x20000c34    0x12c00 ./FreeRTOS/portable/MemMang/heap_4.o
 .bss.xStart    0x20013834        0x8 ./FreeRTOS/portable/MemMang/heap_4.o
 .bss.pxEnd     0x2001383c        0x4 ./FreeRTOS/portable/MemMang/heap_4.o
 .bss.xFreeBytesRemaining
                0x20013840        0x4 ./FreeRTOS/portable/MemMang/heap_4.o
 .bss.xMinimumEverFreeBytesRemaining
                0x20013844        0x4 ./FreeRTOS/portable/MemMang/heap_4.o
 .bss.xBlockAllocatedBit
                0x20013848        0x4 ./FreeRTOS/portable/MemMang/heap_4.o
 .bss.hUsbHostFS
                0x2001384c      0x3d8 ./USB_HOST/App/usb_host.o
                0x2001384c                hUsbHostFS
 .bss.Appli_state
                0x20013c24        0x1 ./USB_HOST/App/usb_host.o
                0x20013c24                Appli_state
 *fill*         0x20013c25        0x3 
 .bss.hhcd_USB_OTG_FS
                0x20013c28      0x3e0 ./USB_HOST/Target/usbh_conf.o
                0x20013c28                hhcd_USB_OTG_FS
 .bss.__malloc_sbrk_start
                0x20014008        0x4 C:/ST/STM32CubeIDE_1.17.0/STM32CubeIDE/plugins/com.st.stm32cube.ide.mcu.externaltools.gnu-tools-for-stm32.12.3.rel1.win32_1.1.0.202410251130/tools/bin/../lib/gcc/arm-none-eabi/12.3.1/../../../../arm-none-eabi/lib/thumb/v7e-m+fp/hard\libc_nano.a(libc_a-mallocr.o)
                0x20014008                __malloc_sbrk_start
 .bss.__malloc_free_list
                0x2001400c        0x4 C:/ST/STM32CubeIDE_1.17.0/STM32CubeIDE/plugins/com.st.stm32cube.ide.mcu.externaltools.gnu-tools-for-stm32.12.3.rel1.win32_1.1.0.202410251130/tools/bin/../lib/gcc/arm-none-eabi/12.3.1/../../../../arm-none-eabi/lib/thumb/v7e-m+fp/hard\libc_nano.a(libc_a-mallocr.o)
                0x2001400c                __malloc_free_list
 .bss.__sf      0x20014010      0x138 C:/ST/STM32CubeIDE_1.17.0/STM32CubeIDE/plugins/com.st.stm32cube.ide.mcu.externaltools.gnu-tools-for-stm32.12.3.rel1.win32_1.1.0.202410251130/tools/bin/../lib/gcc/arm-none-eabi/12.3.1/../../../../arm-none-eabi/lib/thumb/v7e-m+fp/hard\libc_nano.a(libc_a-findfp.o)
                0x20014010                __sf
 .bss.errno     0x20014148        0x4 C:/ST/STM32CubeIDE_1.17.0/STM32CubeIDE/plugins/com.st.stm32cube.ide.mcu.externaltools.gnu-tools-for-stm32.12.3.rel1.win32_1.1.0.202410251130/tools/bin/../lib/gcc/arm-none-eabi/12.3.1/../../../../arm-none-eabi/lib/thumb/v7e-m+fp/hard\libc_nano.a(libc_a-reent.o)
                0x20014148                errno
 .bss.__lock___malloc_recursive_mutex
                0x2001414c        0x1 C:/ST/STM32CubeIDE_1.17.0/STM32CubeIDE/plugins/com.st.stm32cube.ide.mcu.externaltools.gnu-tools-for-stm32.12.3.rel1.win32_1.1.0.202410251130/tools/bin/../lib/gcc/arm-none-eabi/12.3.1/../../../../arm-none-eabi/lib/thumb/v7e-m+fp/hard\libc_nano.a(libc_a-lock.o)
                0x2001414c                __lock___malloc_recursive_mutex
 *(COMMON)
                0x20014150                        . = ALIGN (0x4)
 *fill*         0x2001414d        0x3 
                0x20014150                        _ebss = .
                0x20014150                        __bss_end__ = _ebss

._user_heap_stack
                0x20014150      0x600
                0x20014150                        . = ALIGN (0x8)
                [!provide]                        PROVIDE (end = .)
                0x20014150                        PROVIDE (_end = .)
                0x20014350                        . = (. + _Min_Heap_Size)
 *fill*         0x20014150      0x200 
                0x20014750                        . = (. + _Min_Stack_Size)
 *fill*         0x20014350      0x400 
                0x20014750                        . = ALIGN (0x8)

/DISCARD/
 libc.a(*)
 libm.a(*)
 libgcc.a(*)

.ARM.attributes
                0x00000000       0x30
 *(.ARM.attributes)
 .ARM.attributes
                0x00000000       0x22 C:/ST/STM32CubeIDE_1.17.0/STM32CubeIDE/plugins/com.st.stm32cube.ide.mcu.externaltools.gnu-tools-for-stm32.12.3.rel1.win32_1.1.0.202410251130/tools/bin/../lib/gcc/arm-none-eabi/12.3.1/thumb/v7e-m+fp/hard/crti.o
 .ARM.attributes
                0x00000022       0x34 C:/ST/STM32CubeIDE_1.17.0/STM32CubeIDE/plugins/com.st.stm32cube.ide.mcu.externaltools.gnu-tools-for-stm32.12.3.rel1.win32_1.1.0.202410251130/tools/bin/../lib/gcc/arm-none-eabi/12.3.1/thumb/v7e-m+fp/hard/crtbegin.o
 .ARM.attributes
                0x00000056       0x34 ./Core/Src/main.o
 .ARM.attributes
                0x0000008a       0x34 ./Core/Src/stm32f4xx_hal_msp.o
 .ARM.attributes
                0x000000be       0x34 ./Core/Src/stm32f4xx_hal_timebase_tim.o
 .ARM.attributes
                0x000000f2       0x34 ./Core/Src/stm32f4xx_it.o
 .ARM.attributes
                0x00000126       0x34 ./Core/Src/sysmem.o
 .ARM.attributes
                0x0000015a       0x34 ./Core/Src/system_stm32f4xx.o
 .ARM.attributes
                0x0000018e       0x21 ./Core/Startup/startup_stm32f407vgtx.o
 .ARM.attributes
                0x000001af       0x34 ./Drivers/STM32F4xx_HAL_Driver/Src/stm32f4xx_hal.o
 .ARM.attributes
                0x000001e3       0x34 ./Drivers/STM32F4xx_HAL_Driver/Src/stm32f4xx_hal_cortex.o
 .ARM.attributes
                0x00000217       0x34 ./Drivers/STM32F4xx_HAL_Driver/Src/stm32f4xx_hal_gpio.o
 .ARM.attributes
                0x0000024b       0x34 ./Drivers/STM32F4xx_HAL_Driver/Src/stm32f4xx_hal_hcd.o
 .ARM.attributes
                0x0000027f       0x34 ./Drivers/STM32F4xx_HAL_Driver/Src/stm32f4xx_hal_i2c.o
 .ARM.attributes
                0x000002b3       0x34 ./Drivers/STM32F4xx_HAL_Driver/Src/stm32f4xx_hal_i2s.o
 .ARM.attributes
                0x000002e7       0x34 ./Drivers/STM32F4xx_HAL_Driver/Src/stm32f4xx_hal_i2s_ex.o
 .ARM.attributes
                0x0000031b       0x34 ./Drivers/STM32F4xx_HAL_Driver/Src/stm32f4xx_hal_rcc.o
 .ARM.attributes
                0x0000034f       0x34 ./Drivers/STM32F4xx_HAL_Driver/Src/stm32f4xx_hal_rcc_ex.o
 .ARM.attributes
                0x00000383       0x34 ./Drivers/STM32F4xx_HAL_Driver/Src/stm32f4xx_hal_spi.o
 .ARM.attributes
                0x000003b7       0x34 ./Drivers/STM32F4xx_HAL_Driver/Src/stm32f4xx_hal_tim.o
 .ARM.attributes
                0x000003eb       0x34 ./Drivers/STM32F4xx_HAL_Driver/Src/stm32f4xx_hal_uart.o
 .ARM.attributes
                0x0000041f       0x34 ./Drivers/STM32F4xx_HAL_Driver/Src/stm32f4xx_ll_usb.o
 .ARM.attributes
                0x00000453       0x34 ./FreeRTOS/list.o
 .ARM.attributes
                0x00000487       0x34 ./FreeRTOS/queue.o
 .ARM.attributes
                0x000004bb       0x34 ./FreeRTOS/tasks.o
 .ARM.attributes
                0x000004ef       0x34 ./FreeRTOS/timers.o
 .ARM.attributes
                0x00000523       0x34 ./FreeRTOS/portable/ARM_CM4F/port.o
 .ARM.attributes
                0x00000557       0x34 ./FreeRTOS/portable/MemMang/heap_4.o
 .ARM.attributes
                0x0000058b       0x34 ./Middlewares/ST/STM32_USB_Host_Library/Class/CDC/Src/usbh_cdc.o
 .ARM.attributes
                0x000005bf       0x34 ./Middlewares/ST/STM32_USB_Host_Library/Core/Src/usbh_core.o
 .ARM.attributes
                0x000005f3       0x34 ./Middlewares/ST/STM32_USB_Host_Library/Core/Src/usbh_ctlreq.o
 .ARM.attributes
                0x00000627       0x34 ./Middlewares/ST/STM32_USB_Host_Library/Core/Src/usbh_ioreq.o
 .ARM.attributes
                0x0000065b       0x34 ./Middlewares/ST/STM32_USB_Host_Library/Core/Src/usbh_pipes.o
 .ARM.attributes
                0x0000068f       0x34 ./USB_HOST/App/usb_host.o
 .ARM.attributes
                0x000006c3       0x34 ./USB_HOST/Target/usbh_conf.o
 .ARM.attributes
                0x000006f7       0x34 ./USB_HOST/Target/usbh_platform.o
 .ARM.attributes
                0x0000072b       0x34 C:/ST/STM32CubeIDE_1.17.0/STM32CubeIDE/plugins/com.st.stm32cube.ide.mcu.externaltools.gnu-tools-for-stm32.12.3.rel1.win32_1.1.0.202410251130/tools/bin/../lib/gcc/arm-none-eabi/12.3.1/../../../../arm-none-eabi/lib/thumb/v7e-m+fp/hard\libc_nano.a(libc_a-malloc.o)
 .ARM.attributes
                0x0000075f       0x34 C:/ST/STM32CubeIDE_1.17.0/STM32CubeIDE/plugins/com.st.stm32cube.ide.mcu.externaltools.gnu-tools-for-stm32.12.3.rel1.win32_1.1.0.202410251130/tools/bin/../lib/gcc/arm-none-eabi/12.3.1/../../../../arm-none-eabi/lib/thumb/v7e-m+fp/hard\libc_nano.a(libc_a-mallocr.o)
 .ARM.attributes
                0x00000793       0x34 C:/ST/STM32CubeIDE_1.17.0/STM32CubeIDE/plugins/com.st.stm32cube.ide.mcu.externaltools.gnu-tools-for-stm32.12.3.rel1.win32_1.1.0.202410251130/tools/bin/../lib/gcc/arm-none-eabi/12.3.1/../../../../arm-none-eabi/lib/thumb/v7e-m+fp/hard\libc_nano.a(libc_a-mlock.o)
 .ARM.attributes
                0x000007c7       0x34 C:/ST/STM32CubeIDE_1.17.0/STM32CubeIDE/plugins/com.st.stm32cube.ide.mcu.externaltools.gnu-tools-for-stm32.12.3.rel1.win32_1.1.0.202410251130/tools/bin/../lib/gcc/arm-none-eabi/12.3.1/../../../../arm-none-eabi/lib/thumb/v7e-m+fp/hard\libc_nano.a(libc_a-findfp.o)
 .ARM.attributes
                0x000007fb       0x34 C:/ST/STM32CubeIDE_1.17.0/STM32CubeIDE/plugins/com.st.stm32cube.ide.mcu.externaltools.gnu-tools-for-stm32.12.3.rel1.win32_1.1.0.202410251130/tools/bin/../lib/gcc/arm-none-eabi/12.3.1/../../../../arm-none-eabi/lib/thumb/v7e-m+fp/hard\libc_nano.a(libc_a-sprintf.o)
 .ARM.attributes
                0x0000082f       0x34 C:/ST/STM32CubeIDE_1.17.0/STM32CubeIDE/plugins/com.st.stm32cube.ide.mcu.externaltools.gnu-tools-for-stm32.12.3.rel1.win32_1.1.0.202410251130/tools/bin/../lib/gcc/arm-none-eabi/12.3.1/../../../../arm-none-eabi/lib/thumb/v7e-m+fp/hard\libc_nano.a(libc_a-memset.o)
 .ARM.attributes
                0x00000863       0x34 C:/ST/STM32CubeIDE_1.17.0/STM32CubeIDE/plugins/com.st.stm32cube.ide.mcu.externaltools.gnu-tools-for-stm32.12.3.rel1.win32_1.1.0.202410251130/tools/bin/../lib/gcc/arm-none-eabi/12.3.1/../../../../arm-none-eabi/lib/thumb/v7e-m+fp/hard\libc_nano.a(libc_a-strcat.o)
 .ARM.attributes
                0x00000897       0x34 C:/ST/STM32CubeIDE_1.17.0/STM32CubeIDE/plugins/com.st.stm32cube.ide.mcu.externaltools.gnu-tools-for-stm32.12.3.rel1.win32_1.1.0.202410251130/tools/bin/../lib/gcc/arm-none-eabi/12.3.1/../../../../arm-none-eabi/lib/thumb/v7e-m+fp/hard\libc_nano.a(libc_a-reent.o)
 .ARM.attributes
                0x000008cb       0x34 C:/ST/STM32CubeIDE_1.17.0/STM32CubeIDE/plugins/com.st.stm32cube.ide.mcu.externaltools.gnu-tools-for-stm32.12.3.rel1.win32_1.1.0.202410251130/tools/bin/../lib/gcc/arm-none-eabi/12.3.1/../../../../arm-none-eabi/lib/thumb/v7e-m+fp/hard\libc_nano.a(libc_a-impure.o)
 .ARM.attributes
                0x000008ff       0x34 C:/ST/STM32CubeIDE_1.17.0/STM32CubeIDE/plugins/com.st.stm32cube.ide.mcu.externaltools.gnu-tools-for-stm32.12.3.rel1.win32_1.1.0.202410251130/tools/bin/../lib/gcc/arm-none-eabi/12.3.1/../../../../arm-none-eabi/lib/thumb/v7e-m+fp/hard\libc_nano.a(libc_a-sbrkr.o)
 .ARM.attributes
                0x00000933       0x34 C:/ST/STM32CubeIDE_1.17.0/STM32CubeIDE/plugins/com.st.stm32cube.ide.mcu.externaltools.gnu-tools-for-stm32.12.3.rel1.win32_1.1.0.202410251130/tools/bin/../lib/gcc/arm-none-eabi/12.3.1/../../../../arm-none-eabi/lib/thumb/v7e-m+fp/hard\libc_nano.a(libc_a-errno.o)
 .ARM.attributes
                0x00000967       0x34 C:/ST/STM32CubeIDE_1.17.0/STM32CubeIDE/plugins/com.st.stm32cube.ide.mcu.externaltools.gnu-tools-for-stm32.12.3.rel1.win32_1.1.0.202410251130/tools/bin/../lib/gcc/arm-none-eabi/12.3.1/../../../../arm-none-eabi/lib/thumb/v7e-m+fp/hard\libc_nano.a(libc_a-init.o)
 .ARM.attributes
                0x0000099b       0x34 C:/ST/STM32CubeIDE_1.17.0/STM32CubeIDE/plugins/com.st.stm32cube.ide.mcu.externaltools.gnu-tools-for-stm32.12.3.rel1.win32_1.1.0.202410251130/tools/bin/../lib/gcc/arm-none-eabi/12.3.1/../../../../arm-none-eabi/lib/thumb/v7e-m+fp/hard\libc_nano.a(libc_a-lock.o)
 .ARM.attributes
                0x000009cf       0x34 C:/ST/STM32CubeIDE_1.17.0/STM32CubeIDE/plugins/com.st.stm32cube.ide.mcu.externaltools.gnu-tools-for-stm32.12.3.rel1.win32_1.1.0.202410251130/tools/bin/../lib/gcc/arm-none-eabi/12.3.1/../../../../arm-none-eabi/lib/thumb/v7e-m+fp/hard\libc_nano.a(libc_a-memcpy-stub.o)
 .ARM.attributes
                0x00000a03       0x17 C:/ST/STM32CubeIDE_1.17.0/STM32CubeIDE/plugins/com.st.stm32cube.ide.mcu.externaltools.gnu-tools-for-stm32.12.3.rel1.win32_1.1.0.202410251130/tools/bin/../lib/gcc/arm-none-eabi/12.3.1/../../../../arm-none-eabi/lib/thumb/v7e-m+fp/hard\libc_nano.a(libc_a-strlen.o)
 .ARM.attributes
                0x00000a1a       0x34 C:/ST/STM32CubeIDE_1.17.0/STM32CubeIDE/plugins/com.st.stm32cube.ide.mcu.externaltools.gnu-tools-for-stm32.12.3.rel1.win32_1.1.0.202410251130/tools/bin/../lib/gcc/arm-none-eabi/12.3.1/../../../../arm-none-eabi/lib/thumb/v7e-m+fp/hard\libc_nano.a(libc_a-freer.o)
 .ARM.attributes
                0x00000a4e       0x34 C:/ST/STM32CubeIDE_1.17.0/STM32CubeIDE/plugins/com.st.stm32cube.ide.mcu.externaltools.gnu-tools-for-stm32.12.3.rel1.win32_1.1.0.202410251130/tools/bin/../lib/gcc/arm-none-eabi/12.3.1/../../../../arm-none-eabi/lib/thumb/v7e-m+fp/hard\libc_nano.a(libc_a-nano-svfprintf.o)
 .ARM.attributes
                0x00000a82       0x34 C:/ST/STM32CubeIDE_1.17.0/STM32CubeIDE/plugins/com.st.stm32cube.ide.mcu.externaltools.gnu-tools-for-stm32.12.3.rel1.win32_1.1.0.202410251130/tools/bin/../lib/gcc/arm-none-eabi/12.3.1/../../../../arm-none-eabi/lib/thumb/v7e-m+fp/hard\libc_nano.a(libc_a-nano-vfprintf_i.o)
 .ARM.attributes
                0x00000ab6       0x34 C:/ST/STM32CubeIDE_1.17.0/STM32CubeIDE/plugins/com.st.stm32cube.ide.mcu.externaltools.gnu-tools-for-stm32.12.3.rel1.win32_1.1.0.202410251130/tools/bin/../lib/gcc/arm-none-eabi/12.3.1/../../../../arm-none-eabi/lib/thumb/v7e-m+fp/hard\libc_nano.a(libc_a-memmove.o)
 .ARM.attributes
                0x00000aea       0x1c C:/ST/STM32CubeIDE_1.17.0/STM32CubeIDE/plugins/com.st.stm32cube.ide.mcu.externaltools.gnu-tools-for-stm32.12.3.rel1.win32_1.1.0.202410251130/tools/bin/../lib/gcc/arm-none-eabi/12.3.1/../../../../arm-none-eabi/lib/thumb/v7e-m+fp/hard\libc_nano.a(libc_a-memchr.o)
 .ARM.attributes
                0x00000b06       0x34 C:/ST/STM32CubeIDE_1.17.0/STM32CubeIDE/plugins/com.st.stm32cube.ide.mcu.externaltools.gnu-tools-for-stm32.12.3.rel1.win32_1.1.0.202410251130/tools/bin/../lib/gcc/arm-none-eabi/12.3.1/../../../../arm-none-eabi/lib/thumb/v7e-m+fp/hard\libc_nano.a(libc_a-reallocr.o)
 .ARM.attributes