../FreeRTOS/tasks.c:759:13:xTaskCreate	56	static
../FreeRTOS/tasks.c:850:13:prvInitialiseNewTask	40	static,ignoring_inline_asm
../FreeRTOS/tasks.c:1101:13:prvAddNewTaskToReadyList	16	static,ignoring_inline_asm
../FreeRTOS/tasks.c:1186:7:vTaskDelete	24	static,ignoring_inline_asm
../FreeRTOS/tasks.c:1278:7:vTaskDelayUntil	48	static,ignoring_inline_asm
../FreeRTOS/tasks.c:1362:7:vTaskDelay	24	static,ignoring_inline_asm
../FreeRTOS/tasks.c:1407:13:eTaskGetState	40	static,ignoring_inline_asm
../FreeRTOS/tasks.c:1499:14:uxTaskPriorityGet	24	static
../FreeRTOS/tasks.c:1521:14:uxTaskPriorityGetFromISR	40	static,ignoring_inline_asm
../FreeRTOS/tasks.c:1561:7:vTaskPrioritySet	40	static,ignoring_inline_asm
../FreeRTOS/tasks.c:1725:7:vTaskSuspend	24	static,ignoring_inline_asm
../FreeRTOS/tasks.c:1826:20:prvTaskIsTaskSuspended	32	static,ignoring_inline_asm
../FreeRTOS/tasks.c:1872:7:vTaskResume	24	static,ignoring_inline_asm
../FreeRTOS/tasks.c:1926:13:xTaskResumeFromISR	48	static,ignoring_inline_asm
../FreeRTOS/tasks.c:1996:6:vTaskStartScheduler	32	static,ignoring_inline_asm
../FreeRTOS/tasks.c:2118:6:vTaskEndScheduler	16	static,ignoring_inline_asm
../FreeRTOS/tasks.c:2129:6:vTaskSuspendAll	4	static,ignoring_inline_asm
../FreeRTOS/tasks.c:2203:12:xTaskResumeAll	24	static,ignoring_inline_asm
../FreeRTOS/tasks.c:2313:12:xTaskGetTickCount	16	static
../FreeRTOS/tasks.c:2328:12:xTaskGetTickCountFromISR	16	static
../FreeRTOS/tasks.c:2359:13:uxTaskGetNumberOfTasks	4	static
../FreeRTOS/tasks.c:2367:7:pcTaskGetName	24	static,ignoring_inline_asm
../FreeRTOS/tasks.c:2514:14:uxTaskGetSystemState	32	static
../FreeRTOS/tasks.c:2694:12:xTaskIncrementTick	32	static,ignoring_inline_asm
../FreeRTOS/tasks.c:2976:6:vTaskSwitchContext	24	static,ignoring_inline_asm
../FreeRTOS/tasks.c:3076:6:vTaskPlaceOnEventList	24	static,ignoring_inline_asm
../FreeRTOS/tasks.c:3093:6:vTaskPlaceOnUnorderedEventList	32	static,ignoring_inline_asm
../FreeRTOS/tasks.c:3119:7:vTaskPlaceOnEventListRestricted	32	static,ignoring_inline_asm
../FreeRTOS/tasks.c:3150:12:xTaskRemoveFromEventList	32	static,ignoring_inline_asm
../FreeRTOS/tasks.c:3218:6:vTaskRemoveFromUnorderedEventList	32	static,ignoring_inline_asm
../FreeRTOS/tasks.c:3252:6:vTaskSetTimeOutState	24	static,ignoring_inline_asm
../FreeRTOS/tasks.c:3264:6:vTaskInternalSetTimeOutState	16	static
../FreeRTOS/tasks.c:3272:12:xTaskCheckForTimeOut	40	static,ignoring_inline_asm
../FreeRTOS/tasks.c:3335:6:vTaskMissedYield	4	static
../FreeRTOS/tasks.c:3343:14:uxTaskGetTaskNumber	24	static
../FreeRTOS/tasks.c:3366:7:vTaskSetTaskNumber	24	static
../FreeRTOS/tasks.c:3390:8:prvIdleTask	16	static,ignoring_inline_asm
../FreeRTOS/tasks.c:3602:13:prvInitialiseTaskLists	16	static
../FreeRTOS/tasks.c:3634:13:prvCheckTasksWaitingTermination	16	static
../FreeRTOS/tasks.c:3665:7:vTaskGetInfo	32	static
../FreeRTOS/tasks.c:3761:21:prvListTasksWithinSingleList	48	static
../FreeRTOS/tasks.c:3794:32:prvTaskCheckFreeStackSpace	24	static
../FreeRTOS/tasks.c:3882:14:prvDeleteTCB	16	static
../FreeRTOS/tasks.c:3936:13:prvResetNextTaskUnblockTime	16	static
../FreeRTOS/tasks.c:3962:15:xTaskGetCurrentTaskHandle	16	static
../FreeRTOS/tasks.c:3979:13:xTaskGetSchedulerState	16	static
../FreeRTOS/tasks.c:4007:13:xTaskPriorityInherit	24	static
../FreeRTOS/tasks.c:4094:13:xTaskPriorityDisinherit	32	static,ignoring_inline_asm
../FreeRTOS/tasks.c:4174:7:vTaskPriorityDisinheritAfterTimeout	40	static,ignoring_inline_asm
../FreeRTOS/tasks.c:4589:12:uxTaskResetEventItemValue	16	static
../FreeRTOS/tasks.c:4605:15:pvTaskIncrementMutexHeldCount	4	static
../FreeRTOS/tasks.c:4622:11:ulTaskNotifyTake	24	static,ignoring_inline_asm
../FreeRTOS/tasks.c:4690:13:xTaskNotifyWait	32	static,ignoring_inline_asm
../FreeRTOS/tasks.c:4770:13:xTaskGenericNotify	48	static,ignoring_inline_asm
../FreeRTOS/tasks.c:4884:13:xTaskGenericNotifyFromISR	64	static,ignoring_inline_asm
../FreeRTOS/tasks.c:5013:7:vTaskNotifyGiveFromISR	48	static,ignoring_inline_asm
../FreeRTOS/tasks.c:5100:13:xTaskNotifyStateClear	24	static
../FreeRTOS/tasks.c:5137:13:prvAddCurrentTaskToDelayedList	24	static
../FreeRTOS/scheduler.c:33:6:vSetTaskCustomParams	32	static
../FreeRTOS/scheduler.c:58:6:vTaskUpdateDeadline	24	static
../FreeRTOS/scheduler.c:70:6:vRecalculateRMSPriorities	104	static
../FreeRTOS/scheduler.c:124:17:prvXorshift32	4	static
../FreeRTOS/scheduler.c:136:9:pxSelectTaskByLottery	40	static
../FreeRTOS/scheduler.c:192:13:prvTreapRightRotate	24	static
../FreeRTOS/scheduler.c:208:13:prvTreapLeftRotate	24	static
../FreeRTOS/scheduler.c:224:6:vTreapInsert	24	static
../FreeRTOS/scheduler.c:266:6:vTreapRemove	16	static
../FreeRTOS/scheduler.c:298:9:pxTreapExtractMin	16	static
../FreeRTOS/scheduler.c:315:6:vTreapSafeRemove	24	static
../FreeRTOS/scheduler.c:344:13:prvBufferList	184	static
../FreeRTOS/scheduler.c:379:6:Taskmonitor	216	static
