../Core/Src/main.c:73:6:DWT_Init	4	static
../Core/Src/main.c:99:6:vGenericTestTask	40	static,ignoring_inline_asm
../Core/Src/main.c:134:6:HAL_GPIO_EXTI_Callback	24	static,ignoring_inline_asm
../Core/Src/main.c:155:6:vSystemPrint	16	static
../Core/Src/main.c:159:6:vMonitorTask	16	static
../Core/Src/main.c:176:5:main	16	static
../Core/Src/main.c:237:6:SystemClock_Config	88	static
../Core/Src/main.c:283:13:MX_I2C1_Init	8	static
../Core/Src/main.c:317:13:MX_I2S3_Init	8	static
../Core/Src/main.c:351:13:MX_SPI1_Init	8	static
../Core/Src/main.c:389:13:MX_USART2_UART_Init	8	static
../Core/Src/main.c:422:13:MX_GPIO_Init	56	static
../Core/Src/main.c:518:6:vControlTask	16	static
../Core/Src/main.c:551:6:HAL_TIM_PeriodElapsedCallback	16	static
../Core/Src/main.c:568:6:Error_Handler	4	static,ignoring_inline_asm
